Component: ARM Compiler 5.06 update 3 (build 300) Tool: armlink [4d35c9]

==============================================================================

Section Cross References

    main.o(i.GPIO_Toggle) refers to stm32f10x_gpio.o(i.GPIO_ReadOutputDataBit) for GPIO_ReadOutputDataBit
    main.o(i.GPIO_Toggle) refers to stm32f10x_gpio.o(i.GPIO_WriteBit) for GPIO_WriteBit
    main.o(i.USART_putc) refers to stm32f10x_usart.o(i.USART_SendData) for USART_SendData
    main.o(i.USART_putc) refers to stm32f10x_usart.o(i.USART_GetFlagStatus) for USART_GetFlagStatus
    main.o(i.USART_puts) refers to main.o(i.USART_putc) for USART_putc
    main.o(i.fputc) refers to stm32f10x_usart.o(i.USART_SendData) for USART_SendData
    main.o(i.get_rx_timestamp_u64) refers to deca_device.o(i.dwt_readrxtimestamp) for dwt_readrxtimestamp
    main.o(i.get_tx_timestamp_u64) refers to deca_device.o(i.dwt_readtxtimestamp) for dwt_readtxtimestamp
    main.o(i.main) refers to port.o(i.peripherals_init) for peripherals_init
    main.o(i.main) refers to port.o(i.reset_DW1000) for reset_DW1000
    main.o(i.main) refers to port.o(i.spi_set_rate_low) for spi_set_rate_low
    main.o(i.main) refers to deca_device.o(i.dwt_initialise) for dwt_initialise
    main.o(i.main) refers to port.o(i.spi_set_rate_high) for spi_set_rate_high
    main.o(i.main) refers to deca_device.o(i.dwt_configure) for dwt_configure
    main.o(i.main) refers to deca_device.o(i.dwt_setrxantennadelay) for dwt_setrxantennadelay
    main.o(i.main) refers to deca_device.o(i.dwt_settxantennadelay) for dwt_settxantennadelay
    main.o(i.main) refers to deca_device.o(i.dwt_setrxaftertxdelay) for dwt_setrxaftertxdelay
    main.o(i.main) refers to deca_device.o(i.dwt_setrxtimeout) for dwt_setrxtimeout
    main.o(i.main) refers to printfa.o(i.__0printf) for __2printf
    main.o(i.main) refers to main.o(i.GPIO_Toggle) for GPIO_Toggle
    main.o(i.main) refers to deca_device.o(i.dwt_writetxdata) for dwt_writetxdata
    main.o(i.main) refers to deca_device.o(i.dwt_writetxfctrl) for dwt_writetxfctrl
    main.o(i.main) refers to deca_device.o(i.dwt_starttx) for dwt_starttx
    main.o(i.main) refers to deca_device.o(i.dwt_read32bitoffsetreg) for dwt_read32bitoffsetreg
    main.o(i.main) refers to deca_device.o(i.dwt_write32bitoffsetreg) for dwt_write32bitoffsetreg
    main.o(i.main) refers to deca_device.o(i.dwt_readrxdata) for dwt_readrxdata
    main.o(i.main) refers to main.o(i.USART_puts) for USART_puts
    main.o(i.main) refers to memcmp.o(.text) for memcmp
    main.o(i.main) refers to main.o(i.get_rx_timestamp_u64) for get_rx_timestamp_u64
    main.o(i.main) refers to deca_device.o(i.dwt_setdelayedtrxtime) for dwt_setdelayedtrxtime
    main.o(i.main) refers to main.o(i.get_tx_timestamp_u64) for get_tx_timestamp_u64
    main.o(i.main) refers to main.o(i.final_msg_get_ts) for final_msg_get_ts
    main.o(i.main) refers to dfltui.o(.text) for __aeabi_ui2d
    main.o(i.main) refers to dadd.o(.text) for __aeabi_dadd
    main.o(i.main) refers to dmul.o(.text) for __aeabi_dmul
    main.o(i.main) refers to ddiv.o(.text) for __aeabi_ddiv
    main.o(i.main) refers to dfixl.o(.text) for __aeabi_d2lz
    main.o(i.main) refers to dfltl.o(.text) for __aeabi_l2d
    main.o(i.main) refers to d2f.o(.text) for __aeabi_d2f
    main.o(i.main) refers to deca_range_tables.o(i.dwt_getrangebias) for dwt_getrangebias
    main.o(i.main) refers to main.o(.data) for config
    main.o(i.main) refers to main.o(.bss) for rx_buffer
    stm32f10x_it.o(i.SysTick_Handler) refers to stm32f10x_it.o(.data) for time32_incr
    stm32f10x_adc.o(i.ADC_DeInit) refers to stm32f10x_rcc.o(i.RCC_APB2PeriphResetCmd) for RCC_APB2PeriphResetCmd
    stm32f10x_bkp.o(i.BKP_DeInit) refers to stm32f10x_rcc.o(i.RCC_BackupResetCmd) for RCC_BackupResetCmd
    stm32f10x_can.o(i.CAN_DeInit) refers to stm32f10x_rcc.o(i.RCC_APB1PeriphResetCmd) for RCC_APB1PeriphResetCmd
    stm32f10x_can.o(i.CAN_GetITStatus) refers to stm32f10x_can.o(i.CheckITStatus) for CheckITStatus
    stm32f10x_cec.o(i.CEC_DeInit) refers to stm32f10x_rcc.o(i.RCC_APB1PeriphResetCmd) for RCC_APB1PeriphResetCmd
    stm32f10x_dac.o(i.DAC_DeInit) refers to stm32f10x_rcc.o(i.RCC_APB1PeriphResetCmd) for RCC_APB1PeriphResetCmd
    stm32f10x_flash.o(i.FLASH_EnableWriteProtection) refers to stm32f10x_flash.o(i.FLASH_WaitForLastOperation) for FLASH_WaitForLastOperation
    stm32f10x_flash.o(i.FLASH_EraseAllBank1Pages) refers to stm32f10x_flash.o(i.FLASH_WaitForLastBank1Operation) for FLASH_WaitForLastBank1Operation
    stm32f10x_flash.o(i.FLASH_EraseAllPages) refers to stm32f10x_flash.o(i.FLASH_WaitForLastOperation) for FLASH_WaitForLastOperation
    stm32f10x_flash.o(i.FLASH_EraseOptionBytes) refers to stm32f10x_flash.o(i.FLASH_GetReadOutProtectionStatus) for FLASH_GetReadOutProtectionStatus
    stm32f10x_flash.o(i.FLASH_EraseOptionBytes) refers to stm32f10x_flash.o(i.FLASH_WaitForLastOperation) for FLASH_WaitForLastOperation
[...]
    Removing stm32f10x_fsmc.o(i.FSMC_GetITStatus), (68 bytes).
    Removing stm32f10x_fsmc.o(i.FSMC_ITConfig), (128 bytes).
    Removing stm32f10x_fsmc.o(i.FSMC_NANDCmd), (92 bytes).
    Removing stm32f10x_fsmc.o(i.FSMC_NANDDeInit), (68 bytes).
    Removing stm32f10x_fsmc.o(i.FSMC_NANDECCCmd), (92 bytes).
    Removing stm32f10x_fsmc.o(i.FSMC_NANDInit), (136 bytes).
    Removing stm32f10x_fsmc.o(i.FSMC_NANDStructInit), (54 bytes).
    Removing stm32f10x_fsmc.o(i.FSMC_NORSRAMCmd), (52 bytes).
    Removing stm32f10x_fsmc.o(i.FSMC_NORSRAMDeInit), (54 bytes).
    Removing stm32f10x_fsmc.o(i.FSMC_NORSRAMInit), (230 bytes).
    Removing stm32f10x_fsmc.o(i.FSMC_NORSRAMStructInit), (114 bytes).
    Removing stm32f10x_fsmc.o(i.FSMC_PCCARDCmd), (48 bytes).
    Removing stm32f10x_fsmc.o(i.FSMC_PCCARDDeInit), (40 bytes).
    Removing stm32f10x_fsmc.o(i.FSMC_PCCARDInit), (132 bytes).
    Removing stm32f10x_fsmc.o(i.FSMC_PCCARDStructInit), (60 bytes).
    Removing stm32f10x_gpio.o(i.GPIO_AFIODeInit), (20 bytes).
    Removing stm32f10x_gpio.o(i.GPIO_DeInit), (200 bytes).
    Removing stm32f10x_gpio.o(i.GPIO_ETH_MediaInterfaceConfig), (12 bytes).
    Removing stm32f10x_gpio.o(i.GPIO_EXTILineConfig), (64 bytes).
    Removing stm32f10x_gpio.o(i.GPIO_EventOutputCmd), (12 bytes).
    Removing stm32f10x_gpio.o(i.GPIO_EventOutputConfig), (32 bytes).
    Removing stm32f10x_gpio.o(i.GPIO_PinLockConfig), (18 bytes).
    Removing stm32f10x_gpio.o(i.GPIO_ReadInputData), (8 bytes).
    Removing stm32f10x_gpio.o(i.GPIO_ReadInputDataBit), (18 bytes).
    Removing stm32f10x_gpio.o(i.GPIO_ReadOutputData), (8 bytes).
    Removing stm32f10x_gpio.o(i.GPIO_StructInit), (16 bytes).
    Removing stm32f10x_gpio.o(i.GPIO_Write), (4 bytes).
    Removing stm32f10x_i2c.o(i.I2C_ARPCmd), (24 bytes).
    Removing stm32f10x_i2c.o(i.I2C_AcknowledgeConfig), (24 bytes).
    Removing stm32f10x_i2c.o(i.I2C_CalculatePEC), (24 bytes).
    Removing stm32f10x_i2c.o(i.I2C_CheckEvent), (42 bytes).
    Removing stm32f10x_i2c.o(i.I2C_ClearFlag), (12 bytes).
    Removing stm32f10x_i2c.o(i.I2C_ClearITPendingBit), (12 bytes).
    Removing stm32f10x_i2c.o(i.I2C_Cmd), (24 bytes).
    Removing stm32f10x_i2c.o(i.I2C_DMACmd), (24 bytes).
    Removing stm32f10x_i2c.o(i.I2C_DMALastTransferCmd), (24 bytes).
    Removing stm32f10x_i2c.o(i.I2C_DeInit), (56 bytes).
    Removing stm32f10x_i2c.o(i.I2C_DualAddressCmd), (24 bytes).
    Removing stm32f10x_i2c.o(i.I2C_FastModeDutyCycleConfig), (28 bytes).
    Removing stm32f10x_i2c.o(i.I2C_GeneralCallCmd), (24 bytes).
    Removing stm32f10x_i2c.o(i.I2C_GenerateSTART), (24 bytes).
    Removing stm32f10x_i2c.o(i.I2C_GenerateSTOP), (24 bytes).
    Removing stm32f10x_i2c.o(i.I2C_GetFlagStatus), (58 bytes).
    Removing stm32f10x_i2c.o(i.I2C_GetITStatus), (38 bytes).
    Removing stm32f10x_i2c.o(i.I2C_GetLastEvent), (26 bytes).
    Removing stm32f10x_i2c.o(i.I2C_GetPEC), (8 bytes).
    Removing stm32f10x_i2c.o(i.I2C_ITConfig), (18 bytes).
    Removing stm32f10x_i2c.o(i.I2C_Init), (236 bytes).
    Removing stm32f10x_i2c.o(i.I2C_NACKPositionConfig), (28 bytes).
    Removing stm32f10x_i2c.o(i.I2C_OwnAddress2Config), (22 bytes).
    Removing stm32f10x_i2c.o(i.I2C_PECPositionConfig), (28 bytes).
    Removing stm32f10x_i2c.o(i.I2C_ReadRegister), (22 bytes).
    Removing stm32f10x_i2c.o(i.I2C_ReceiveData), (8 bytes).
    Removing stm32f10x_i2c.o(i.I2C_SMBusAlertConfig), (28 bytes).
    Removing stm32f10x_i2c.o(i.I2C_Send7bitAddress), (18 bytes).
    Removing stm32f10x_i2c.o(i.I2C_SendData), (4 bytes).
    Removing stm32f10x_i2c.o(i.I2C_SoftwareResetCmd), (22 bytes).
    Removing stm32f10x_i2c.o(i.I2C_StretchClockCmd), (24 bytes).
    Removing stm32f10x_i2c.o(i.I2C_StructInit), (30 bytes).
    Removing stm32f10x_i2c.o(i.I2C_TransmitPEC), (24 bytes).
    Removing stm32f10x_iwdg.o(i.IWDG_Enable), (16 bytes).
    Removing stm32f10x_iwdg.o(i.IWDG_GetFlagStatus), (24 bytes).
    Removing stm32f10x_iwdg.o(i.IWDG_ReloadCounter), (16 bytes).
    Removing stm32f10x_iwdg.o(i.IWDG_SetPrescaler), (12 bytes).
    Removing stm32f10x_iwdg.o(i.IWDG_SetReload), (12 bytes).
    Removing stm32f10x_iwdg.o(i.IWDG_WriteAccessCmd), (12 bytes).
    Removing stm32f10x_pwr.o(i.PWR_BackupAccessCmd), (12 bytes).
    Removing stm32f10x_pwr.o(i.PWR_ClearFlag), (20 bytes).
    Removing stm32f10x_pwr.o(i.PWR_DeInit), (22 bytes).
    Removing stm32f10x_pwr.o(i.PWR_EnterSTANDBYMode), (52 bytes).
    Removing stm32f10x_pwr.o(i.PWR_EnterSTOPMode), (64 bytes).
    Removing stm32f10x_pwr.o(i.PWR_GetFlagStatus), (24 bytes).
    Removing stm32f10x_pwr.o(i.PWR_PVDCmd), (12 bytes).
    Removing stm32f10x_pwr.o(i.PWR_PVDLevelConfig), (24 bytes).
    Removing stm32f10x_pwr.o(i.PWR_WakeUpPinCmd), (12 bytes).
    Removing stm32f10x_rcc.o(i.RCC_AHBPeriphClockCmd), (32 bytes).
    Removing stm32f10x_rcc.o(i.RCC_AdjustHSICalibrationValue), (24 bytes).
    Removing stm32f10x_rcc.o(i.RCC_BackupResetCmd), (12 bytes).
    Removing stm32f10x_rcc.o(i.RCC_ClearFlag), (20 bytes).
    Removing stm32f10x_rcc.o(i.RCC_ClearITPendingBit), (12 bytes).
    Removing stm32f10x_rcc.o(i.RCC_ClockSecuritySystemCmd), (12 bytes).
    Removing stm32f10x_rcc.o(i.RCC_GetITStatus), (24 bytes).
    Removing stm32f10x_rcc.o(i.RCC_GetSYSCLKSource), (16 bytes).
    Removing stm32f10x_rcc.o(i.RCC_HSICmd), (12 bytes).
    Removing stm32f10x_rcc.o(i.RCC_ITConfig), (32 bytes).
    Removing stm32f10x_rcc.o(i.RCC_LSEConfig), (52 bytes).
    Removing stm32f10x_rcc.o(i.RCC_LSICmd), (12 bytes).
    Removing stm32f10x_rcc.o(i.RCC_MCOConfig), (12 bytes).
    Removing stm32f10x_rcc.o(i.RCC_PLLCmd), (12 bytes).
    Removing stm32f10x_rcc.o(i.RCC_PLLConfig), (28 bytes).
    Removing stm32f10x_rcc.o(i.RCC_RTCCLKCmd), (12 bytes).
    Removing stm32f10x_rcc.o(i.RCC_RTCCLKConfig), (16 bytes).
    Removing stm32f10x_rcc.o(i.RCC_SYSCLKConfig), (24 bytes).
    Removing stm32f10x_rcc.o(i.RCC_USBCLKConfig), (12 bytes).
    Removing stm32f10x_rtc.o(i.RTC_ClearFlag), (16 bytes).
    Removing stm32f10x_rtc.o(i.RTC_ClearITPendingBit), (16 bytes).
    Removing stm32f10x_rtc.o(i.RTC_EnterConfigMode), (20 bytes).
    Removing stm32f10x_rtc.o(i.RTC_ExitConfigMode), (20 bytes).
    Removing stm32f10x_rtc.o(i.RTC_GetCounter), (20 bytes).
    Removing stm32f10x_rtc.o(i.RTC_GetDivider), (24 bytes).
    Removing stm32f10x_rtc.o(i.RTC_GetFlagStatus), (24 bytes).
    Removing stm32f10x_rtc.o(i.RTC_GetITStatus), (36 bytes).
    Removing stm32f10x_rtc.o(i.RTC_ITConfig), (32 bytes).
    Removing stm32f10x_rtc.o(i.RTC_SetAlarm), (28 bytes).
    Removing stm32f10x_rtc.o(i.RTC_SetCounter), (28 bytes).
    Removing stm32f10x_rtc.o(i.RTC_SetPrescaler), (32 bytes).
    Removing stm32f10x_rtc.o(i.RTC_WaitForLastTask), (20 bytes).
    Removing stm32f10x_rtc.o(i.RTC_WaitForSynchro), (36 bytes).
    Removing stm32f10x_sdio.o(i.SDIO_CEATAITCmd), (16 bytes).
    Removing stm32f10x_sdio.o(i.SDIO_ClearFlag), (12 bytes).
    Removing stm32f10x_sdio.o(i.SDIO_ClearITPendingBit), (12 bytes).
    Removing stm32f10x_sdio.o(i.SDIO_ClockCmd), (12 bytes).
    Removing stm32f10x_sdio.o(i.SDIO_CmdStructInit), (14 bytes).
    Removing stm32f10x_sdio.o(i.SDIO_CommandCompletionCmd), (12 bytes).
    Removing stm32f10x_sdio.o(i.SDIO_DMACmd), (12 bytes).
    Removing stm32f10x_sdio.o(i.SDIO_DataConfig), (48 bytes).
    Removing stm32f10x_sdio.o(i.SDIO_DataStructInit), (20 bytes).
    Removing stm32f10x_sdio.o(i.SDIO_DeInit), (36 bytes).
    Removing stm32f10x_sdio.o(i.SDIO_GetCommandResponse), (12 bytes).
    Removing stm32f10x_sdio.o(i.SDIO_GetDataCounter), (12 bytes).
    Removing stm32f10x_sdio.o(i.SDIO_GetFIFOCount), (12 bytes).
    Removing stm32f10x_sdio.o(i.SDIO_GetFlagStatus), (24 bytes).
    Removing stm32f10x_sdio.o(i.SDIO_GetITStatus), (24 bytes).
    Removing stm32f10x_sdio.o(i.SDIO_GetPowerState), (16 bytes).
    Removing stm32f10x_sdio.o(i.SDIO_GetResponse), (24 bytes).
    Removing stm32f10x_sdio.o(i.SDIO_ITConfig), (32 bytes).
    Removing stm32f10x_sdio.o(i.SDIO_Init), (48 bytes).
    Removing stm32f10x_sdio.o(i.SDIO_ReadData), (12 bytes).
    Removing stm32f10x_sdio.o(i.SDIO_SendCEATACmd), (12 bytes).
    Removing stm32f10x_sdio.o(i.SDIO_SendCommand), (44 bytes).
    Removing stm32f10x_sdio.o(i.SDIO_SendSDIOSuspendCmd), (12 bytes).
    Removing stm32f10x_sdio.o(i.SDIO_SetPowerState), (28 bytes).
    Removing stm32f10x_sdio.o(i.SDIO_SetSDIOOperation), (12 bytes).
    Removing stm32f10x_sdio.o(i.SDIO_SetSDIOReadWaitMode), (12 bytes).
    Removing stm32f10x_sdio.o(i.SDIO_StartSDIOReadWait), (12 bytes).
    Removing stm32f10x_sdio.o(i.SDIO_StopSDIOReadWait), (12 bytes).
    Removing stm32f10x_sdio.o(i.SDIO_StructInit), (16 bytes).
    Removing stm32f10x_sdio.o(i.SDIO_WriteData), (12 bytes).
    Removing stm32f10x_spi.o(i.I2S_Cmd), (24 bytes).
    Removing stm32f10x_spi.o(i.I2S_Init), (232 bytes).
    Removing stm32f10x_spi.o(i.I2S_StructInit), (20 bytes).
    Removing stm32f10x_spi.o(i.SPI_BiDirectionalLineConfig), (28 bytes).
    Removing stm32f10x_spi.o(i.SPI_CalculateCRC), (24 bytes).
    Removing stm32f10x_spi.o(i.SPI_DataSizeConfig), (18 bytes).
    Removing stm32f10x_spi.o(i.SPI_GetCRC), (16 bytes).
    Removing stm32f10x_spi.o(i.SPI_GetCRCPolynomial), (6 bytes).
    Removing stm32f10x_spi.o(i.SPI_I2S_ClearFlag), (6 bytes).
    Removing stm32f10x_spi.o(i.SPI_I2S_ClearITPendingBit), (20 bytes).
    Removing stm32f10x_spi.o(i.SPI_I2S_DMACmd), (18 bytes).
    Removing stm32f10x_spi.o(i.SPI_I2S_GetFlagStatus), (18 bytes).
    Removing stm32f10x_spi.o(i.SPI_I2S_GetITStatus), (52 bytes).
    Removing stm32f10x_spi.o(i.SPI_I2S_ITConfig), (32 bytes).
    Removing stm32f10x_spi.o(i.SPI_I2S_ReceiveData), (6 bytes).
    Removing stm32f10x_spi.o(i.SPI_I2S_SendData), (4 bytes).
    Removing stm32f10x_spi.o(i.SPI_NSSInternalSoftwareConfig), (30 bytes).
    Removing stm32f10x_spi.o(i.SPI_StructInit), (24 bytes).
    Removing stm32f10x_spi.o(i.SPI_TransmitCRC), (10 bytes).
    Removing stm32f10x_tim.o(i.TI1_Config), (128 bytes).
    Removing stm32f10x_tim.o(i.TI2_Config), (152 bytes).
    Removing stm32f10x_tim.o(i.TI3_Config), (144 bytes).
    Removing stm32f10x_tim.o(i.TI4_Config), (152 bytes).
    Removing stm32f10x_tim.o(i.TIM_ARRPreloadConfig), (24 bytes).
    Removing stm32f10x_tim.o(i.TIM_BDTRConfig), (32 bytes).
    Removing stm32f10x_tim.o(i.TIM_BDTRStructInit), (18 bytes).
    Removing stm32f10x_tim.o(i.TIM_CCPreloadControl), (24 bytes).
    Removing stm32f10x_tim.o(i.TIM_CCxCmd), (30 bytes).
    Removing stm32f10x_tim.o(i.TIM_CCxNCmd), (30 bytes).
    Removing stm32f10x_tim.o(i.TIM_ClearFlag), (6 bytes).
    Removing stm32f10x_tim.o(i.TIM_ClearITPendingBit), (6 bytes).
    Removing stm32f10x_tim.o(i.TIM_ClearOC1Ref), (18 bytes).
    Removing stm32f10x_tim.o(i.TIM_ClearOC2Ref), (24 bytes).
    Removing stm32f10x_tim.o(i.TIM_ClearOC3Ref), (18 bytes).
    Removing stm32f10x_tim.o(i.TIM_ClearOC4Ref), (24 bytes).
    Removing stm32f10x_tim.o(i.TIM_Cmd), (24 bytes).
    Removing stm32f10x_tim.o(i.TIM_CounterModeConfig), (18 bytes).
    Removing stm32f10x_tim.o(i.TIM_CtrlPWMOutputs), (30 bytes).
    Removing stm32f10x_tim.o(i.TIM_DMACmd), (18 bytes).
    Removing stm32f10x_tim.o(i.TIM_DMAConfig), (10 bytes).
    Removing stm32f10x_tim.o(i.TIM_DeInit), (488 bytes).
    Removing stm32f10x_tim.o(i.TIM_ETRClockMode1Config), (54 bytes).
    Removing stm32f10x_tim.o(i.TIM_ETRClockMode2Config), (32 bytes).
    Removing stm32f10x_tim.o(i.TIM_ETRConfig), (28 bytes).
    Removing stm32f10x_tim.o(i.TIM_EncoderInterfaceConfig), (66 bytes).
    Removing stm32f10x_tim.o(i.TIM_ForcedOC1Config), (18 bytes).
    Removing stm32f10x_tim.o(i.TIM_ForcedOC2Config), (26 bytes).
    Removing stm32f10x_tim.o(i.TIM_ForcedOC3Config), (18 bytes).
    Removing stm32f10x_tim.o(i.TIM_ForcedOC4Config), (26 bytes).
    Removing stm32f10x_tim.o(i.TIM_GenerateEvent), (4 bytes).
    Removing stm32f10x_tim.o(i.TIM_GetCapture1), (6 bytes).
    Removing stm32f10x_tim.o(i.TIM_GetCapture2), (6 bytes).
    Removing stm32f10x_tim.o(i.TIM_GetCapture3), (6 bytes).
    Removing stm32f10x_tim.o(i.TIM_GetCapture4), (8 bytes).
    Removing stm32f10x_tim.o(i.TIM_GetCounter), (6 bytes).
    Removing stm32f10x_tim.o(i.TIM_GetFlagStatus), (18 bytes).
    Removing stm32f10x_tim.o(i.TIM_GetITStatus), (34 bytes).
    Removing stm32f10x_tim.o(i.TIM_GetPrescaler), (6 bytes).
    Removing stm32f10x_tim.o(i.TIM_ICInit), (172 bytes).
    Removing stm32f10x_tim.o(i.TIM_ICStructInit), (18 bytes).
    Removing stm32f10x_tim.o(i.TIM_ITConfig), (18 bytes).
    Removing stm32f10x_tim.o(i.TIM_ITRxExternalClockConfig), (24 bytes).
    Removing stm32f10x_tim.o(i.TIM_InternalClockConfig), (12 bytes).
    Removing stm32f10x_tim.o(i.TIM_OC1FastConfig), (18 bytes).
    Removing stm32f10x_tim.o(i.TIM_OC1Init), (152 bytes).
    Removing stm32f10x_tim.o(i.TIM_OC1NPolarityConfig), (18 bytes).
    Removing stm32f10x_tim.o(i.TIM_OC1PolarityConfig), (18 bytes).
    Removing stm32f10x_tim.o(i.TIM_OC1PreloadConfig), (18 bytes).
    Removing stm32f10x_tim.o(i.TIM_OC2FastConfig), (26 bytes).
    Removing stm32f10x_tim.o(i.TIM_OC2Init), (164 bytes).
    Removing stm32f10x_tim.o(i.TIM_OC2NPolarityConfig), (26 bytes).
    Removing stm32f10x_tim.o(i.TIM_OC2PolarityConfig), (26 bytes).
    Removing stm32f10x_tim.o(i.TIM_OC2PreloadConfig), (26 bytes).
    Removing stm32f10x_tim.o(i.TIM_OC3FastConfig), (18 bytes).
    Removing stm32f10x_tim.o(i.TIM_OC3Init), (160 bytes).
    Removing stm32f10x_tim.o(i.TIM_OC3NPolarityConfig), (26 bytes).
    Removing stm32f10x_tim.o(i.TIM_OC3PolarityConfig), (26 bytes).
    Removing stm32f10x_tim.o(i.TIM_OC3PreloadConfig), (18 bytes).
    Removing stm32f10x_tim.o(i.TIM_OC4FastConfig), (26 bytes).
    Removing stm32f10x_tim.o(i.TIM_OC4Init), (124 bytes).
    Removing stm32f10x_tim.o(i.TIM_OC4PolarityConfig), (26 bytes).
    Removing stm32f10x_tim.o(i.TIM_OC4PreloadConfig), (26 bytes).
    Removing stm32f10x_tim.o(i.TIM_OCStructInit), (20 bytes).
    Removing stm32f10x_tim.o(i.TIM_PWMIConfig), (124 bytes).
    Removing stm32f10x_tim.o(i.TIM_PrescalerConfig), (6 bytes).
    Removing stm32f10x_tim.o(i.TIM_SelectCCDMA), (24 bytes).
    Removing stm32f10x_tim.o(i.TIM_SelectCOM), (24 bytes).
    Removing stm32f10x_tim.o(i.TIM_SelectHallSensor), (24 bytes).
    Removing stm32f10x_tim.o(i.TIM_SelectInputTrigger), (18 bytes).
    Removing stm32f10x_tim.o(i.TIM_SelectMasterSlaveMode), (18 bytes).
    Removing stm32f10x_tim.o(i.TIM_SelectOCxM), (82 bytes).
    Removing stm32f10x_tim.o(i.TIM_SelectOnePulseMode), (18 bytes).
    Removing stm32f10x_tim.o(i.TIM_SelectOutputTrigger), (18 bytes).
    Removing stm32f10x_tim.o(i.TIM_SelectSlaveMode), (18 bytes).
    Removing stm32f10x_tim.o(i.TIM_SetAutoreload), (4 bytes).
    Removing stm32f10x_tim.o(i.TIM_SetClockDivision), (18 bytes).
    Removing stm32f10x_tim.o(i.TIM_SetCompare1), (4 bytes).
    Removing stm32f10x_tim.o(i.TIM_SetCompare2), (4 bytes).
    Removing stm32f10x_tim.o(i.TIM_SetCompare3), (4 bytes).
    Removing stm32f10x_tim.o(i.TIM_SetCompare4), (6 bytes).
    Removing stm32f10x_tim.o(i.TIM_SetCounter), (4 bytes).
    Removing stm32f10x_tim.o(i.TIM_SetIC1Prescaler), (18 bytes).
    Removing stm32f10x_tim.o(i.TIM_SetIC2Prescaler), (26 bytes).
    Removing stm32f10x_tim.o(i.TIM_SetIC3Prescaler), (18 bytes).
    Removing stm32f10x_tim.o(i.TIM_SetIC4Prescaler), (26 bytes).
    Removing stm32f10x_tim.o(i.TIM_TIxExternalClockConfig), (62 bytes).
    Removing stm32f10x_tim.o(i.TIM_TimeBaseInit), (164 bytes).
    Removing stm32f10x_tim.o(i.TIM_TimeBaseStructInit), (18 bytes).
    Removing stm32f10x_tim.o(i.TIM_UpdateDisableConfig), (24 bytes).
    Removing stm32f10x_tim.o(i.TIM_UpdateRequestConfig), (24 bytes).
    Removing stm32f10x_usart.o(i.USART_ClearFlag), (18 bytes).
    Removing stm32f10x_usart.o(i.USART_ClearITPendingBit), (30 bytes).
    Removing stm32f10x_usart.o(i.USART_ClockInit), (34 bytes).
    Removing stm32f10x_usart.o(i.USART_ClockStructInit), (12 bytes).
    Removing stm32f10x_usart.o(i.USART_DMACmd), (18 bytes).
    Removing stm32f10x_usart.o(i.USART_DeInit), (156 bytes).
    Removing stm32f10x_usart.o(i.USART_GetITStatus), (84 bytes).
    Removing stm32f10x_usart.o(i.USART_HalfDuplexCmd), (24 bytes).
    Removing stm32f10x_usart.o(i.USART_ITConfig), (74 bytes).
    Removing stm32f10x_usart.o(i.USART_IrDACmd), (24 bytes).
    Removing stm32f10x_usart.o(i.USART_IrDAConfig), (18 bytes).
    Removing stm32f10x_usart.o(i.USART_LINBreakDetectLengthConfig), (18 bytes).
    Removing stm32f10x_usart.o(i.USART_LINCmd), (24 bytes).
    Removing stm32f10x_usart.o(i.USART_OneBitMethodCmd), (24 bytes).
    Removing stm32f10x_usart.o(i.USART_OverSampling8Cmd), (22 bytes).
    Removing stm32f10x_usart.o(i.USART_ReceiveData), (10 bytes).
    Removing stm32f10x_usart.o(i.USART_ReceiverWakeUpCmd), (24 bytes).
    Removing stm32f10x_usart.o(i.USART_SendBreak), (10 bytes).
    Removing stm32f10x_usart.o(i.USART_SetAddress), (18 bytes).
    Removing stm32f10x_usart.o(i.USART_SetGuardTime), (16 bytes).
    Removing stm32f10x_usart.o(i.USART_SetPrescaler), (16 bytes).
    Removing stm32f10x_usart.o(i.USART_SmartCardCmd), (24 bytes).
    Removing stm32f10x_usart.o(i.USART_SmartCardNACKCmd), (24 bytes).
    Removing stm32f10x_usart.o(i.USART_StructInit), (24 bytes).
    Removing stm32f10x_usart.o(i.USART_WakeUpConfig), (18 bytes).
    Removing stm32f10x_wwdg.o(i.WWDG_ClearFlag), (12 bytes).
    Removing stm32f10x_wwdg.o(i.WWDG_DeInit), (22 bytes).
    Removing stm32f10x_wwdg.o(i.WWDG_Enable), (16 bytes).
    Removing stm32f10x_wwdg.o(i.WWDG_EnableIT), (12 bytes).
    Removing stm32f10x_wwdg.o(i.WWDG_GetFlagStatus), (12 bytes).
    Removing stm32f10x_wwdg.o(i.WWDG_SetCounter), (16 bytes).
    Removing stm32f10x_wwdg.o(i.WWDG_SetPrescaler), (24 bytes).
    Removing stm32f10x_wwdg.o(i.WWDG_SetWindowValue), (40 bytes).
    Removing core_cm3.o(.emb_text), (32 bytes).
    Removing system_stm32f10x.o(i.SystemCoreClockUpdate), (164 bytes).
    Removing startup_stm32f10x_md.o(HEAP), (512 bytes).
    Removing deca_spi.o(i.closespi), (32 bytes).
    Removing deca_spi.o(i.openspi), (4 bytes).
    Removing lcd.o(i.lcd_display_str), (2 bytes).
    Removing lcd.o(i.writetoLCD), (12 bytes).
    Removing port.o(i.ETH_GPIOConfigure), (4 bytes).
    Removing port.o(i.LCD_Configuration), (72 bytes).
    Removing port.o(i.NVIC_Configuration), (108 bytes).
    Removing port.o(i.NVIC_DisableDECAIRQ), (34 bytes).
    Removing port.o(i.No_Configuration), (6 bytes).
    Removing port.o(i.RTC_Configuration), (88 bytes).
    Removing port.o(i.SPI2_Configuration), (248 bytes).
    Removing port.o(i.SPI_ConfigFastRate), (88 bytes).
    Removing port.o(i.is_IRQ_enabled), (16 bytes).
    Removing port.o(i.is_button_low), (28 bytes).
    Removing port.o(i.is_switch_on), (28 bytes).
    Removing port.o(i.led_off), (84 bytes).
    Removing port.o(i.led_on), (84 bytes).
    Removing port.o(i.setup_DW1000RSTnIRQ), (172 bytes).
    Removing deca_device.o(i._dwt_aonarrayupload), (36 bytes).
    Removing deca_device.o(i._dwt_aonconfigupload), (36 bytes).
    Removing deca_device.o(i._dwt_disablesequencing), (20 bytes).
    Removing deca_device.o(i._dwt_otpprogword32), (176 bytes).
    Removing deca_device.o(i._dwt_otpsetmrregs), (582 bytes).
    Removing deca_device.o(i.dwt_calibratesleepcnt), (260 bytes).
    Removing deca_device.o(i.dwt_checkIRQ), (24 bytes).
    Removing deca_device.o(i.dwt_checkoverrun), (16 bytes).
    Removing deca_device.o(i.dwt_configcontinuousframemode), (84 bytes).
    Removing deca_device.o(i.dwt_configcwmode), (148 bytes).
    Removing deca_device.o(i.dwt_configeventcounters), (44 bytes).
    Removing deca_device.o(i.dwt_configuresleep), (44 bytes).
    Removing deca_device.o(i.dwt_configuresleepcnt), (132 bytes).
    Removing deca_device.o(i.dwt_configuretxrf), (28 bytes).
    Removing deca_device.o(i.dwt_enableautoack), (44 bytes).
    Removing deca_device.o(i.dwt_enableframefilter), (64 bytes).
    Removing deca_device.o(i.dwt_entersleep), (8 bytes).
    Removing deca_device.o(i.dwt_forcetrxoff), (92 bytes).
    Removing deca_device.o(i.dwt_geteui), (18 bytes).
    Removing deca_device.o(i.dwt_getlotid), (12 bytes).
    Removing deca_device.o(i.dwt_getpartid), (12 bytes).
    Removing deca_device.o(i.dwt_isr), (836 bytes).
    Removing deca_device.o(i.dwt_loadopsettabfromotp), (56 bytes).
    Removing deca_device.o(i.dwt_otpread), (46 bytes).
    Removing deca_device.o(i.dwt_otprevision), (12 bytes).
    Removing deca_device.o(i.dwt_otpwriteandverify), (90 bytes).
    Removing deca_device.o(i.dwt_readaccdata), (34 bytes).
    Removing deca_device.o(i.dwt_readdiagnostics), (60 bytes).
    Removing deca_device.o(i.dwt_readeventcounters), (138 bytes).
    Removing deca_device.o(i.dwt_readrxtimestamphi32), (12 bytes).
    Removing deca_device.o(i.dwt_readrxtimestamplo32), (12 bytes).
    Removing deca_device.o(i.dwt_readsystime), (18 bytes).
    Removing deca_device.o(i.dwt_readsystimestamphi32), (12 bytes).
    Removing deca_device.o(i.dwt_readtempvbat), (174 bytes).
    Removing deca_device.o(i.dwt_readtxtimestamphi32), (12 bytes).
    Removing deca_device.o(i.dwt_readtxtimestamplo32), (12 bytes).
    Removing deca_device.o(i.dwt_readwakeuptemp), (20 bytes).
    Removing deca_device.o(i.dwt_readwakeupvbat), (20 bytes).
    Removing deca_device.o(i.dwt_rxenable), (84 bytes).
    Removing deca_device.o(i.dwt_rxreset), (36 bytes).
    Removing deca_device.o(i.dwt_setGPIOdirection), (42 bytes).
    Removing deca_device.o(i.dwt_setGPIOforEXTTRX), (40 bytes).
    Removing deca_device.o(i.dwt_setGPIOvalue), (42 bytes).
    Removing deca_device.o(i.dwt_setaddress16), (16 bytes).
    Removing deca_device.o(i.dwt_setautorxreenable), (64 bytes).
    Removing deca_device.o(i.dwt_setcallbacks), (12 bytes).
    Removing deca_device.o(i.dwt_setdblrxbuffmode), (60 bytes).
    Removing deca_device.o(i.dwt_seteui), (18 bytes).
    Removing deca_device.o(i.dwt_setinterrupt), (52 bytes).
    Removing deca_device.o(i.dwt_setleds), (210 bytes).
    Removing deca_device.o(i.dwt_setpanid), (16 bytes).
    Removing deca_device.o(i.dwt_setpreambledetecttimeout), (16 bytes).
    Removing deca_device.o(i.dwt_setrxmode), (54 bytes).
    Removing deca_device.o(i.dwt_setsmarttxpower), (60 bytes).
    Removing deca_device.o(i.dwt_softreset), (112 bytes).
    Removing deca_device.o(i.dwt_spicswakeup), (64 bytes).
    Removing deca_device.o(i.dwt_syncrxbufptrs), (56 bytes).

523 unused section(s) (total 23864 bytes) removed from the image.

==============================================================================

Image Symbol Table

    Local Symbols

    Symbol Name                              Value     Ov Type        Size  Object(Section)

    ../clib/microlib/division.c              0x00000000   Number         0  uldiv.o ABSOLUTE
    ../clib/microlib/division.c              0x00000000   Number         0  uidiv.o ABSOLUTE
    ../clib/microlib/init/entry.s            0x00000000   Number         0  entry7a.o ABSOLUTE
    ../clib/microlib/init/entry.s            0x00000000   Number         0  entry10a.o ABSOLUTE
    ../clib/microlib/init/entry.s            0x00000000   Number         0  entry8a.o ABSOLUTE
    ../clib/microlib/init/entry.s            0x00000000   Number         0  entry7b.o ABSOLUTE
    ../clib/microlib/init/entry.s            0x00000000   Number         0  entry9b.o ABSOLUTE
    ../clib/microlib/init/entry.s            0x00000000   Number         0  entry5.o ABSOLUTE
    ../clib/microlib/init/entry.s            0x00000000   Number         0  entry2.o ABSOLUTE
    ../clib/microlib/init/entry.s            0x00000000   Number         0  entry10b.o ABSOLUTE
    ../clib/microlib/init/entry.s            0x00000000   Number         0  entry9a.o ABSOLUTE
    ../clib/microlib/init/entry.s            0x00000000   Number         0  entry11b.o ABSOLUTE
    ../clib/microlib/init/entry.s            0x00000000   Number         0  entry.o ABSOLUTE
    ../clib/microlib/init/entry.s            0x00000000   Number         0  entry8b.o ABSOLUTE
    ../clib/microlib/init/entry.s            0x00000000   Number         0  entry11a.o ABSOLUTE
    ../clib/microlib/longlong.c              0x00000000   Number         0  llshl.o ABSOLUTE
    ../clib/microlib/longlong.c              0x00000000   Number         0  llushr.o ABSOLUTE
    ../clib/microlib/longlong.c              0x00000000   Number         0  llsshr.o ABSOLUTE
    ../clib/microlib/printf/printf.c         0x00000000   Number         0  printfb.o ABSOLUTE
    ../clib/microlib/printf/printf.c         0x00000000   Number         0  printf5.o ABSOLUTE
    ../clib/microlib/printf/printf.c         0x00000000   Number         0  printf4.o ABSOLUTE
    ../clib/microlib/printf/printf.c         0x00000000   Number         0  printf6.o ABSOLUTE
    ../clib/microlib/printf/printf.c         0x00000000   Number         0  printfa.o ABSOLUTE
    ../clib/microlib/printf/printf.c         0x00000000   Number         0  printf0.o ABSOLUTE
    ../clib/microlib/printf/printf.c         0x00000000   Number         0  printf1.o ABSOLUTE
    ../clib/microlib/printf/printf.c         0x00000000   Number         0  printf2.o ABSOLUTE
    ../clib/microlib/printf/printf.c         0x00000000   Number         0  printf3.o ABSOLUTE
    ../clib/microlib/printf/printf.c         0x00000000   Number         0  printf7.o ABSOLUTE
    ../clib/microlib/printf/printf.c         0x00000000   Number         0  printf8.o ABSOLUTE
    ../clib/microlib/printf/stubs.s          0x00000000   Number         0  stubs.o ABSOLUTE
    ../clib/microlib/stdio/streams.c         0x00000000   Number         0  stdout.o ABSOLUTE
    ../clib/microlib/string/memcmp.c         0x00000000   Number         0  memcmp.o ABSOLUTE
    ../clib/microlib/stubs.s                 0x00000000   Number         0  iusefp.o ABSOLUTE
    ../fplib/microlib/d2f.c                  0x00000000   Number         0  d2f.o ABSOLUTE
    ../fplib/microlib/f2d.c                  0x00000000   Number         0  f2d.o ABSOLUTE
    ../fplib/microlib/fpadd.c                0x00000000   Number         0  dadd.o ABSOLUTE
    ../fplib/microlib/fpdiv.c                0x00000000   Number         0  ddiv.o ABSOLUTE
    ../fplib/microlib/fpepilogue.c           0x00000000   Number         0  fepilogue.o ABSOLUTE
    ../fplib/microlib/fpepilogue.c           0x00000000   Number         0  depilogue.o ABSOLUTE
    ../fplib/microlib/fpfix.c                0x00000000   Number         0  dfixul.o ABSOLUTE
    ../fplib/microlib/fpfix.c                0x00000000   Number         0  dfixi.o ABSOLUTE
    ../fplib/microlib/fpfix.c                0x00000000   Number         0  dfixl.o ABSOLUTE
    ../fplib/microlib/fpflt.c                0x00000000   Number         0  dfltui.o ABSOLUTE
    ../fplib/microlib/fpflt.c                0x00000000   Number         0  fflti.o ABSOLUTE
    ../fplib/microlib/fpflt.c                0x00000000   Number         0  dfltl.o ABSOLUTE
    ../fplib/microlib/fpmul.c                0x00000000   Number         0  dmul.o ABSOLUTE
    ..\Libraries\CMSIS\CM3\CoreSupport\core_cm3.c 0x00000000   Number         0  core_cm3.o ABSOLUTE
    ..\Libraries\STM32F10x_StdPeriph_Driver\src\misc.c 0x00000000   Number         0  misc.o ABSOLUTE
    ..\Libraries\STM32F10x_StdPeriph_Driver\src\stm32f10x_adc.c 0x00000000   Number         0  stm32f10x_adc.o ABSOLUTE
    ..\Libraries\STM32F10x_StdPeriph_Driver\src\stm32f10x_bkp.c 0x00000000   Number         0  stm32f10x_bkp.o ABSOLUTE
    ..\Libraries\STM32F10x_StdPeriph_Driver\src\stm32f10x_can.c 0x00000000   Number         0  stm32f10x_can.o ABSOLUTE
    ..\Libraries\STM32F10x_StdPeriph_Driver\src\stm32f10x_cec.c 0x00000000   Number         0  stm32f10x_cec.o ABSOLUTE
    ..\Libraries\STM32F10x_StdPeriph_Driver\src\stm32f10x_crc.c 0x00000000   Number         0  stm32f10x_crc.o ABSOLUTE
    ..\Libraries\STM32F10x_StdPeriph_Driver\src\stm32f10x_dac.c 0x00000000   Number         0  stm32f10x_dac.o ABSOLUTE
    ..\Libraries\STM32F10x_StdPeriph_Driver\src\stm32f10x_dbgmcu.c 0x00000000   Number         0  stm32f10x_dbgmcu.o ABSOLUTE
    ..\Libraries\STM32F10x_StdPeriph_Driver\src\stm32f10x_dma.c 0x00000000   Number         0  stm32f10x_dma.o ABSOLUTE
    ..\Libraries\STM32F10x_StdPeriph_Driver\src\stm32f10x_exti.c 0x00000000   Number         0  stm32f10x_exti.o ABSOLUTE
    ..\Libraries\STM32F10x_StdPeriph_Driver\src\stm32f10x_flash.c 0x00000000   Number         0  stm32f10x_flash.o ABSOLUTE
    ..\Libraries\STM32F10x_StdPeriph_Driver\src\stm32f10x_fsmc.c 0x00000000   Number         0  stm32f10x_fsmc.o ABSOLUTE
    ..\Libraries\STM32F10x_StdPeriph_Driver\src\stm32f10x_gpio.c 0x00000000   Number         0  stm32f10x_gpio.o ABSOLUTE
    ..\Libraries\STM32F10x_StdPeriph_Driver\src\stm32f10x_i2c.c 0x00000000   Number         0  stm32f10x_i2c.o ABSOLUTE
    ..\Libraries\STM32F10x_StdPeriph_Driver\src\stm32f10x_iwdg.c 0x00000000   Number         0  stm32f10x_iwdg.o ABSOLUTE
    ..\Libraries\STM32F10x_StdPeriph_Driver\src\stm32f10x_pwr.c 0x00000000   Number         0  stm32f10x_pwr.o ABSOLUTE
    ..\Libraries\STM32F10x_StdPeriph_Driver\src\stm32f10x_rcc.c 0x00000000   Number         0  stm32f10x_rcc.o ABSOLUTE
    ..\Libraries\STM32F10x_StdPeriph_Driver\src\stm32f10x_rtc.c 0x00000000   Number         0  stm32f10x_rtc.o ABSOLUTE
    ..\Libraries\STM32F10x_StdPeriph_Driver\src\stm32f10x_sdio.c 0x00000000   Number         0  stm32f10x_sdio.o ABSOLUTE
    ..\Libraries\STM32F10x_StdPeriph_Driver\src\stm32f10x_spi.c 0x00000000   Number         0  stm32f10x_spi.o ABSOLUTE
    ..\Libraries\STM32F10x_StdPeriph_Driver\src\stm32f10x_tim.c 0x00000000   Number         0  stm32f10x_tim.o ABSOLUTE
    ..\Libraries\STM32F10x_StdPeriph_Driver\src\stm32f10x_usart.c 0x00000000   Number         0  stm32f10x_usart.o ABSOLUTE
    ..\Libraries\STM32F10x_StdPeriph_Driver\src\stm32f10x_wwdg.c 0x00000000   Number         0  stm32f10x_wwdg.o ABSOLUTE
    ..\\Libraries\\CMSIS\\CM3\\CoreSupport\\core_cm3.c 0x00000000   Number         0  core_cm3.o ABSOLUTE
    ..\decadriver\deca_device.c              0x00000000   Number         0  deca_device.o ABSOLUTE
    ..\decadriver\deca_params_init.c         0x00000000   Number         0  deca_params_init.o ABSOLUTE
    ..\platform\deca_mutex.c                 0x00000000   Number         0  deca_mutex.o ABSOLUTE
    ..\platform\deca_range_tables.c          0x00000000   Number         0  deca_range_tables.o ABSOLUTE
    ..\platform\deca_sleep.c                 0x00000000   Number         0  deca_sleep.o ABSOLUTE
    ..\platform\deca_spi.c                   0x00000000   Number         0  deca_spi.o ABSOLUTE
    ..\platform\lcd.c                        0x00000000   Number         0  lcd.o ABSOLUTE
    ..\platform\port.c                       0x00000000   Number         0  port.o ABSOLUTE
    C:\Users\YoKu\Downloads\熊大UWB模块资料\源码\1基站多标签V3.4\Libraries\CMSIS\CM3\DeviceSupport\ST\STM32F10x\startup\arm\startup_stm32f10x_md.s 0x00000000   Number         0  startup_stm32f10x_md.o ABSOLUTE
    cdrcmple.s                               0x00000000   Number         0  cdrcmple.o ABSOLUTE
    dc.s                                     0x00000000   Number         0  dc.o ABSOLUTE
    handlers.s                               0x00000000   Number         0  handlers.o ABSOLUTE
    init.s                                   0x00000000   Number         0  init.o ABSOLUTE
    main.c                                   0x00000000   Number         0  main.o ABSOLUTE
    stm32f10x_it.c                           0x00000000   Number         0  stm32f10x_it.o ABSOLUTE
    system_stm32f10x.c                       0x00000000   Number         0  system_stm32f10x.o ABSOLUTE
    RESET                                    0x08000000   Section      236  startup_stm32f10x_md.o(RESET)
    .ARM.Collect$$$$00000000                 0x080000ec   Section        0  entry.o(.ARM.Collect$$$$00000000)
    .ARM.Collect$$$$00000001                 0x080000ec   Section        4  entry2.o(.ARM.Collect$$$$00000001)
    .ARM.Collect$$$$00000004                 0x080000f0   Section        4  entry5.o(.ARM.Collect$$$$00000004)
    .ARM.Collect$$$$00000008                 0x080000f4   Section        0  entry7b.o(.ARM.Collect$$$$00000008)
    .ARM.Collect$$$$0000000A                 0x080000f4   Section        0  entry8b.o(.ARM.Collect$$$$0000000A)
    .ARM.Collect$$$$0000000B                 0x080000f4   Section        8  entry9a.o(.ARM.Collect$$$$0000000B)
    .ARM.Collect$$$$0000000D                 0x080000fc   Section        0  entry10a.o(.ARM.Collect$$$$0000000D)
    .ARM.Collect$$$$0000000F                 0x080000fc   Section        0  entry11a.o(.ARM.Collect$$$$0000000F)
    .ARM.Collect$$$$00002712                 0x080000fc   Section        4  entry2.o(.ARM.Collect$$$$00002712)
    __lit__00000000                          0x080000fc   Data           4  entry2.o(.ARM.Collect$$$$00002712)
    .text                                    0x08000100   Section       36  startup_stm32f10x_md.o(.text)
    .text                                    0x08000124   Section        0  memcmp.o(.text)
    .text                                    0x0800013e   Section        0  dadd.o(.text)
    .text                                    0x0800028c   Section        0  dmul.o(.text)
    .text                                    0x08000370   Section        0  ddiv.o(.text)
    .text                                    0x0800044e   Section        0  fflti.o(.text)
    .text                                    0x08000460   Section        0  dfltui.o(.text)
    .text                                    0x0800047a   Section        0  dfltl.o(.text)
    .text                                    0x080004a2   Section        0  dfixi.o(.text)
    .text                                    0x080004e0   Section        0  dfixl.o(.text)
    .text                                    0x0800052a   Section        0  f2d.o(.text)
    .text                                    0x08000550   Section        0  d2f.o(.text)
    .text                                    0x08000588   Section        0  uidiv.o(.text)
    .text                                    0x080005b4   Section        0  uldiv.o(.text)
    .text                                    0x08000616   Section        0  llshl.o(.text)
    .text                                    0x08000634   Section        0  llushr.o(.text)
    .text                                    0x08000654   Section        0  llsshr.o(.text)
    .text                                    0x08000678   Section        0  iusefp.o(.text)
    .text                                    0x08000678   Section        0  fepilogue.o(.text)
    .text                                    0x080006e6   Section        0  depilogue.o(.text)
    .text                                    0x080007a0   Section        0  dfixul.o(.text)
    .text                                    0x080007d0   Section       48  cdrcmple.o(.text)
    .text                                    0x08000800   Section       36  init.o(.text)
    i.EXTI_GetITEnStatus                     0x08000824   Section        0  port.o(i.EXTI_GetITEnStatus)
    i.FLASH_PrefetchBufferCmd                0x08000840   Section        0  stm32f10x_flash.o(i.FLASH_PrefetchBufferCmd)
    i.FLASH_SetLatency                       0x0800085c   Section        0  stm32f10x_flash.o(i.FLASH_SetLatency)
    i.GPIO_Configuration                     0x08000874   Section        0  port.o(i.GPIO_Configuration)
    i.GPIO_Init                              0x080008e8   Section        0  stm32f10x_gpio.o(i.GPIO_Init)
    i.GPIO_PinRemapConfig                    0x08000a00   Section        0  stm32f10x_gpio.o(i.GPIO_PinRemapConfig)
    i.GPIO_ReadOutputDataBit                 0x08000a90   Section        0  stm32f10x_gpio.o(i.GPIO_ReadOutputDataBit)
    i.GPIO_ResetBits                         0x08000aa2   Section        0  stm32f10x_gpio.o(i.GPIO_ResetBits)
    i.GPIO_SetBits                           0x08000aa6   Section        0  stm32f10x_gpio.o(i.GPIO_SetBits)
    i.GPIO_Toggle                            0x08000aaa   Section        0  main.o(i.GPIO_Toggle)
    i.GPIO_WriteBit                          0x08000ace   Section        0  stm32f10x_gpio.o(i.GPIO_WriteBit)
    i.NVIC_SetPriority                       0x08000ad8   Section        0  port.o(i.NVIC_SetPriority)
    NVIC_SetPriority                         0x08000ad9   Thumb Code    32  port.o(i.NVIC_SetPriority)
    i.RCC_ADCCLKConfig                       0x08000b00   Section        0  stm32f10x_rcc.o(i.RCC_ADCCLKConfig)
    i.RCC_APB1PeriphClockCmd                 0x08000b18   Section        0  stm32f10x_rcc.o(i.RCC_APB1PeriphClockCmd)
    i.RCC_APB1PeriphResetCmd                 0x08000b38   Section        0  stm32f10x_rcc.o(i.RCC_APB1PeriphResetCmd)
    i.RCC_APB2PeriphClockCmd                 0x08000b58   Section        0  stm32f10x_rcc.o(i.RCC_APB2PeriphClockCmd)
    i.RCC_APB2PeriphResetCmd                 0x08000b78   Section        0  stm32f10x_rcc.o(i.RCC_APB2PeriphResetCmd)
    i.RCC_Configuration                      0x08000b98   Section        0  port.o(i.RCC_Configuration)
    i.RCC_DeInit                             0x08000c00   Section        0  stm32f10x_rcc.o(i.RCC_DeInit)
    i.RCC_GetClocksFreq                      0x08000c4c   Section        0  stm32f10x_rcc.o(i.RCC_GetClocksFreq)
    i.RCC_GetFlagStatus                      0x08000d20   Section        0  stm32f10x_rcc.o(i.RCC_GetFlagStatus)
    i.RCC_HCLKConfig                         0x08000d5c   Section        0  stm32f10x_rcc.o(i.RCC_HCLKConfig)
    i.RCC_HSEConfig                          0x08000d74   Section        0  stm32f10x_rcc.o(i.RCC_HSEConfig)
    i.RCC_PCLK1Config                        0x08000dc0   Section        0  stm32f10x_rcc.o(i.RCC_PCLK1Config)
    i.RCC_PCLK2Config                        0x08000dd8   Section        0  stm32f10x_rcc.o(i.RCC_PCLK2Config)
    i.RCC_WaitForHSEStartUp                  0x08000df0   Section        0  stm32f10x_rcc.o(i.RCC_WaitForHSEStartUp)
    i.SPI_ChangeRate                         0x08000e28   Section        0  port.o(i.SPI_ChangeRate)
    i.SPI_Cmd                                0x08000e44   Section        0  stm32f10x_spi.o(i.SPI_Cmd)
    i.SPI_Configuration                      0x08000e5c   Section        0  port.o(i.SPI_Configuration)
    i.SPI_I2S_DeInit                         0x08000f10   Section        0  stm32f10x_spi.o(i.SPI_I2S_DeInit)
    i.SPI_Init                               0x08000f68   Section        0  stm32f10x_spi.o(i.SPI_Init)
    i.SPI_SSOutputCmd                        0x08000fa4   Section        0  stm32f10x_spi.o(i.SPI_SSOutputCmd)
    i.SetSysClock                            0x08000fbc   Section        0  system_stm32f10x.o(i.SetSysClock)
    SetSysClock                              0x08000fbd   Thumb Code     8  system_stm32f10x.o(i.SetSysClock)
    i.SetSysClockTo72                        0x08000fc4   Section        0  system_stm32f10x.o(i.SetSysClockTo72)
    SetSysClockTo72                          0x08000fc5   Thumb Code   214  system_stm32f10x.o(i.SetSysClockTo72)
    i.SysTick_Configuration                  0x080010a4   Section        0  port.o(i.SysTick_Configuration)
    i.SysTick_Handler                        0x080010f8   Section        0  stm32f10x_it.o(i.SysTick_Handler)
    i.SystemInit                             0x0800111c   Section        0  system_stm32f10x.o(i.SystemInit)
    i.USART_Cmd                              0x0800117c   Section        0  stm32f10x_usart.o(i.USART_Cmd)
    i.USART_GetFlagStatus                    0x08001194   Section        0  stm32f10x_usart.o(i.USART_GetFlagStatus)
    i.USART_Init                             0x080011b0   Section        0  stm32f10x_usart.o(i.USART_Init)
    i.USART_SendData                         0x08001288   Section        0  stm32f10x_usart.o(i.USART_SendData)
    i.USART_putc                             0x08001290   Section        0  main.o(i.USART_putc)
    i.USART_puts                             0x080012b0   Section        0  main.o(i.USART_puts)
    i.__0printf                              0x080012c8   Section        0  printfa.o(i.__0printf)
    i.__scatterload_copy                     0x080012e8   Section       14  handlers.o(i.__scatterload_copy)
    i.__scatterload_null                     0x080012f6   Section        2  handlers.o(i.__scatterload_null)
    i.__scatterload_zeroinit                 0x080012f8   Section       14  handlers.o(i.__scatterload_zeroinit)
    i._dwt_configlde                         0x08001306   Section        0  deca_device.o(i._dwt_configlde)
    i._dwt_enableclocks                      0x0800133e   Section        0  deca_device.o(i._dwt_enableclocks)
    i._dwt_loaducodefromrom                  0x08001422   Section        0  deca_device.o(i._dwt_loaducodefromrom)
    i._dwt_otpread                           0x08001456   Section        0  deca_device.o(i._dwt_otpread)
    i._fp_digits                             0x080014a4   Section        0  printfa.o(i._fp_digits)
    _fp_digits                               0x080014a5   Thumb Code   366  printfa.o(i._fp_digits)
    i._printf_core                           0x08001628   Section        0  printfa.o(i._printf_core)
    _printf_core                             0x08001629   Thumb Code  1744  printfa.o(i._printf_core)
    i._printf_post_padding                   0x08001d04   Section        0  printfa.o(i._printf_post_padding)
    _printf_post_padding                     0x08001d05   Thumb Code    36  printfa.o(i._printf_post_padding)
    i._printf_pre_padding                    0x08001d28   Section        0  printfa.o(i._printf_pre_padding)
    _printf_pre_padding                      0x08001d29   Thumb Code    46  printfa.o(i._printf_pre_padding)
    i.deca_sleep                             0x08001d56   Section        0  deca_sleep.o(i.deca_sleep)
    i.decamutexoff                           0x08001d6e   Section        0  deca_mutex.o(i.decamutexoff)
    i.decamutexon                            0x08001d8c   Section        0  deca_mutex.o(i.decamutexon)
    i.dwt_configure                          0x08001db4   Section        0  deca_device.o(i.dwt_configure)
    i.dwt_entersleepaftertx                  0x08001ffc   Section        0  deca_device.o(i.dwt_entersleepaftertx)
    i.dwt_getrangebias                       0x08002024   Section        0  deca_range_tables.o(i.dwt_getrangebias)
    i.dwt_initialise                         0x08002148   Section        0  deca_device.o(i.dwt_initialise)
    i.dwt_read16bitoffsetreg                 0x08002260   Section        0  deca_device.o(i.dwt_read16bitoffsetreg)
    i.dwt_read32bitoffsetreg                 0x0800228c   Section        0  deca_device.o(i.dwt_read32bitoffsetreg)
    i.dwt_readdevid                          0x080022c4   Section        0  deca_device.o(i.dwt_readdevid)
    i.dwt_readfromdevice                     0x080022d0   Section        0  deca_device.o(i.dwt_readfromdevice)
    i.dwt_readrxdata                         0x08002334   Section        0  deca_device.o(i.dwt_readrxdata)
    i.dwt_readrxtimestamp                    0x0800234a   Section        0  deca_device.o(i.dwt_readrxtimestamp)
    i.dwt_readtxtimestamp                    0x0800235c   Section        0  deca_device.o(i.dwt_readtxtimestamp)
    i.dwt_setdelayedtrxtime                  0x0800236e   Section        0  deca_device.o(i.dwt_setdelayedtrxtime)
    i.dwt_setrxaftertxdelay                  0x0800237e   Section        0  deca_device.o(i.dwt_setrxaftertxdelay)
    i.dwt_setrxantennadelay                  0x080023a2   Section        0  deca_device.o(i.dwt_setrxantennadelay)
    i.dwt_setrxtimeout                       0x080023b4   Section        0  deca_device.o(i.dwt_setrxtimeout)
    i.dwt_settxantennadelay                  0x08002420   Section        0  deca_device.o(i.dwt_settxantennadelay)
    i.dwt_starttx                            0x08002430   Section        0  deca_device.o(i.dwt_starttx)
    i.dwt_write16bitoffsetreg                0x080024cc   Section        0  deca_device.o(i.dwt_write16bitoffsetreg)
    i.dwt_write32bitoffsetreg                0x080024f2   Section        0  deca_device.o(i.dwt_write32bitoffsetreg)
    i.dwt_writetodevice                      0x08002522   Section        0  deca_device.o(i.dwt_writetodevice)
    i.dwt_writetxdata                        0x0800258a   Section        0  deca_device.o(i.dwt_writetxdata)
    i.dwt_writetxfctrl                       0x080025b0   Section        0  deca_device.o(i.dwt_writetxfctrl)
    i.dwt_xtaltrim                           0x080025d4   Section        0  deca_device.o(i.dwt_xtaltrim)
    i.final_msg_get_ts                       0x08002608   Section        0  main.o(i.final_msg_get_ts)
    final_msg_get_ts                         0x08002609   Thumb Code    32  main.o(i.final_msg_get_ts)
    i.fputc                                  0x08002628   Section        0  main.o(i.fputc)
    i.get_rx_timestamp_u64                   0x0800264c   Section        0  main.o(i.get_rx_timestamp_u64)
    get_rx_timestamp_u64                     0x0800264d   Thumb Code    44  main.o(i.get_rx_timestamp_u64)
    i.get_tx_timestamp_u64                   0x08002678   Section        0  main.o(i.get_tx_timestamp_u64)
    get_tx_timestamp_u64                     0x08002679   Thumb Code    44  main.o(i.get_tx_timestamp_u64)
    i.main                                   0x080026a4   Section        0  main.o(i.main)
    i.peripherals_init                       0x08002a68   Section        0  port.o(i.peripherals_init)
    i.portGetTickCnt                         0x08002a80   Section        0  port.o(i.portGetTickCnt)
    i.readfromspi_serial                     0x08002a8c   Section        0  deca_spi.o(i.readfromspi_serial)
    i.reset_DW1000                           0x08002b0c   Section        0  port.o(i.reset_DW1000)
    i.spi_peripheral_init                    0x08002b5c   Section        0  port.o(i.spi_peripheral_init)
    spi_peripheral_init                      0x08002b5d   Thumb Code    14  port.o(i.spi_peripheral_init)
    i.spi_set_rate_high                      0x08002b6a   Section        0  port.o(i.spi_set_rate_high)
    i.spi_set_rate_low                       0x08002b74   Section        0  port.o(i.spi_set_rate_low)
    i.usartinit                              0x08002b80   Section        0  port.o(i.usartinit)
    i.writetospi_serial                      0x08002c00   Section        0  deca_spi.o(i.writetospi_serial)
    .constdata                               0x08002c7c   Section      174  deca_params_init.o(.constdata)
    .constdata                               0x08002d2a   Section      522  deca_range_tables.o(.constdata)
    .data                                    0x20000000   Section      120  main.o(.data)
    config                                   0x20000000   Data          11  main.o(.data)
    tx_ask_msg                               0x2000000b   Data          12  main.o(.data)
    rx_poll_msg                              0x20000017   Data          12  main.o(.data)
    tx_resp_msg                              0x20000023   Data          15  main.o(.data)
    rx_final_msg                             0x20000032   Data          24  main.o(.data)
    frame_seq_nb                             0x2000004a   Data           1  main.o(.data)
    status_reg                               0x2000004c   Data           4  main.o(.data)
    poll_rx_ts                               0x20000050   Data           8  main.o(.data)
    resp_tx_ts                               0x20000058   Data           8  main.o(.data)
    final_rx_ts                              0x20000060   Data           8  main.o(.data)
    tof                                      0x20000068   Data           8  main.o(.data)
    distance                                 0x20000070   Data           8  main.o(.data)
    .data                                    0x20000078   Section        8  stm32f10x_it.o(.data)
    .data                                    0x20000080   Section       20  stm32f10x_rcc.o(.data)
    APBAHBPrescTable                         0x20000080   Data          16  stm32f10x_rcc.o(.data)
    ADCPrescTable                            0x20000090   Data           4  stm32f10x_rcc.o(.data)
    .data                                    0x20000094   Section       20  system_stm32f10x.o(.data)
    .data                                    0x200000a8   Section        4  stdout.o(.data)
    .bss                                     0x200000ac   Section       24  main.o(.bss)
    rx_buffer                                0x200000ac   Data          24  main.o(.bss)
    .bss                                     0x200000c4   Section       60  deca_device.o(.bss)
    dw1000local                              0x200000c4   Data          60  deca_device.o(.bss)
    STACK                                    0x20000100   Section     1024  startup_stm32f10x_md.o(STACK)

    Global Symbols

    Symbol Name                              Value     Ov Type        Size  Object(Section)

    BuildAttributes$$THM_ISAv4$P$D$K$B$S$PE$A:L22UL41UL21$X:L11$S22US41US21$IEEE1$IW$USESV6$~STKCKD$USESV7$~SHL$OTIME$ROPI$EBA8$MICROLIB$REQ8$PRES8$EABIv2 0x00000000   Number         0  anon$$obj.o ABSOLUTE
    __ARM_use_no_argv                        0x00000000   Number         0  main.o ABSOLUTE
    _printf_a                                0x00000000   Number         0  stubs.o ABSOLUTE
    _printf_c                                0x00000000   Number         0  stubs.o ABSOLUTE
    _printf_charcount                        0x00000000   Number         0  stubs.o ABSOLUTE
    _printf_d                                0x00000000   Number         0  stubs.o ABSOLUTE
    _printf_e                                0x00000000   Number         0  stubs.o ABSOLUTE
    _printf_f                                0x00000000   Number         0  stubs.o ABSOLUTE
    _printf_flags                            0x00000000   Number         0  stubs.o ABSOLUTE
    _printf_fp_dec                           0x00000000   Number         0  stubs.o ABSOLUTE
    _printf_fp_hex                           0x00000000   Number         0  stubs.o ABSOLUTE
    _printf_g                                0x00000000   Number         0  stubs.o ABSOLUTE
    _printf_i                                0x00000000   Number         0  stubs.o ABSOLUTE
    _printf_int_dec                          0x00000000   Number         0  stubs.o ABSOLUTE
    _printf_l                                0x00000000   Number         0  stubs.o ABSOLUTE
    _printf_lc                               0x00000000   Number         0  stubs.o ABSOLUTE
    _printf_ll                               0x00000000   Number         0  stubs.o ABSOLUTE
    _printf_lld                              0x00000000   Number         0  stubs.o ABSOLUTE
    _printf_lli                              0x00000000   Number         0  stubs.o ABSOLUTE
    _printf_llo                              0x00000000   Number         0  stubs.o ABSOLUTE
    _printf_llu                              0x00000000   Number         0  stubs.o ABSOLUTE
    _printf_llx                              0x00000000   Number         0  stubs.o ABSOLUTE
    _printf_longlong_dec                     0x00000000   Number         0  stubs.o ABSOLUTE
    _printf_longlong_hex                     0x00000000   Number         0  stubs.o ABSOLUTE
    _printf_longlong_oct                     0x00000000   Number         0  stubs.o ABSOLUTE
    _printf_ls                               0x00000000   Number         0  stubs.o ABSOLUTE
    _printf_mbtowc                           0x00000000   Number         0  stubs.o ABSOLUTE
    _printf_n                                0x00000000   Number         0  stubs.o ABSOLUTE
    _printf_o                                0x00000000   Number         0  stubs.o ABSOLUTE
    _printf_p                                0x00000000   Number         0  stubs.o ABSOLUTE
    _printf_percent                          0x00000000   Number         0  stubs.o ABSOLUTE
    _printf_pre_padding                      0x00000000   Number         0  stubs.o ABSOLUTE
    _printf_return_value                     0x00000000   Number         0  stubs.o ABSOLUTE
    _printf_s                                0x00000000   Number         0  stubs.o ABSOLUTE
    _printf_sizespec                         0x00000000   Number         0  stubs.o ABSOLUTE
    _printf_str                              0x00000000   Number         0  stubs.o ABSOLUTE
    _printf_truncate_signed                  0x00000000   Number         0  stubs.o ABSOLUTE
    _printf_truncate_unsigned                0x00000000   Number         0  stubs.o ABSOLUTE
    _printf_u                                0x00000000   Number         0  stubs.o ABSOLUTE
    _printf_wc                               0x00000000   Number         0  stubs.o ABSOLUTE
    _printf_wctomb                           0x00000000   Number         0  stubs.o ABSOLUTE
    _printf_widthprec                        0x00000000   Number         0  stubs.o ABSOLUTE
    _printf_x                                0x00000000   Number         0  stubs.o ABSOLUTE
    __cpp_initialize__aeabi_                  - Undefined Weak Reference
    __cxa_finalize                            - Undefined Weak Reference
    __decompress                              - Undefined Weak Reference
    _clock_init                               - Undefined Weak Reference
    _microlib_exit                            - Undefined Weak Reference
    __Vectors_Size                           0x000000ec   Number         0  startup_stm32f10x_md.o ABSOLUTE
    __Vectors                                0x08000000   Data           4  startup_stm32f10x_md.o(RESET)
    __Vectors_End                            0x080000ec   Data           0  startup_stm32f10x_md.o(RESET)
    __main                                   0x080000ed   Thumb Code     0  entry.o(.ARM.Collect$$$$00000000)
    _main_stk                                0x080000ed   Thumb Code     0  entry2.o(.ARM.Collect$$$$00000001)
    _main_scatterload                        0x080000f1   Thumb Code     0  entry5.o(.ARM.Collect$$$$00000004)
    __main_after_scatterload                 0x080000f5   Thumb Code     0  entry5.o(.ARM.Collect$$$$00000004)
    _main_clock                              0x080000f5   Thumb Code     0  entry7b.o(.ARM.Collect$$$$00000008)
    _main_cpp_init                           0x080000f5   Thumb Code     0  entry8b.o(.ARM.Collect$$$$0000000A)
    _main_init                               0x080000f5   Thumb Code     0  entry9a.o(.ARM.Collect$$$$0000000B)
    __rt_final_cpp                           0x080000fd   Thumb Code     0  entry10a.o(.ARM.Collect$$$$0000000D)
    __rt_final_exit                          0x080000fd   Thumb Code     0  entry11a.o(.ARM.Collect$$$$0000000F)
    Reset_Handler                            0x08000101   Thumb Code     8  startup_stm32f10x_md.o(.text)
    NMI_Handler                              0x08000109   Thumb Code     2  startup_stm32f10x_md.o(.text)
    HardFault_Handler                        0x0800010b   Thumb Code     2  startup_stm32f10x_md.o(.text)
    MemManage_Handler                        0x0800010d   Thumb Code     2  startup_stm32f10x_md.o(.text)
    BusFault_Handler                         0x0800010f   Thumb Code     2  startup_stm32f10x_md.o(.text)
    UsageFault_Handler                       0x08000111   Thumb Code     2  startup_stm32f10x_md.o(.text)
    SVC_Handler                              0x08000113   Thumb Code     2  startup_stm32f10x_md.o(.text)
    DebugMon_Handler                         0x08000115   Thumb Code     2  startup_stm32f10x_md.o(.text)
    PendSV_Handler                           0x08000117   Thumb Code     2  startup_stm32f10x_md.o(.text)
    ADC1_2_IRQHandler                        0x0800011b   Thumb Code     0  startup_stm32f10x_md.o(.text)
    CAN1_RX1_IRQHandler                      0x0800011b   Thumb Code     0  startup_stm32f10x_md.o(.text)
    CAN1_SCE_IRQHandler                      0x0800011b   Thumb Code     0  startup_stm32f10x_md.o(.text)
    DMA1_Channel1_IRQHandler                 0x0800011b   Thumb Code     0  startup_stm32f10x_md.o(.text)
    DMA1_Channel2_IRQHandler                 0x0800011b   Thumb Code     0  startup_stm32f10x_md.o(.text)
    DMA1_Channel3_IRQHandler                 0x0800011b   Thumb Code     0  startup_stm32f10x_md.o(.text)
    DMA1_Channel4_IRQHandler                 0x0800011b   Thumb Code     0  startup_stm32f10x_md.o(.text)
    DMA1_Channel5_IRQHandler                 0x0800011b   Thumb Code     0  startup_stm32f10x_md.o(.text)
    DMA1_Channel6_IRQHandler                 0x0800011b   Thumb Code     0  startup_stm32f10x_md.o(.text)
    DMA1_Channel7_IRQHandler                 0x0800011b   Thumb Code     0  startup_stm32f10x_md.o(.text)
    EXTI0_IRQHandler                         0x0800011b   Thumb Code     0  startup_stm32f10x_md.o(.text)
    EXTI15_10_IRQHandler                     0x0800011b   Thumb Code     0  startup_stm32f10x_md.o(.text)
    EXTI1_IRQHandler                         0x0800011b   Thumb Code     0  startup_stm32f10x_md.o(.text)
    EXTI2_IRQHandler                         0x0800011b   Thumb Code     0  startup_stm32f10x_md.o(.text)
    EXTI3_IRQHandler                         0x0800011b   Thumb Code     0  startup_stm32f10x_md.o(.text)
    EXTI4_IRQHandler                         0x0800011b   Thumb Code     0  startup_stm32f10x_md.o(.text)
    EXTI9_5_IRQHandler                       0x0800011b   Thumb Code     0  startup_stm32f10x_md.o(.text)
    FLASH_IRQHandler                         0x0800011b   Thumb Code     0  startup_stm32f10x_md.o(.text)
    I2C1_ER_IRQHandler                       0x0800011b   Thumb Code     0  startup_stm32f10x_md.o(.text)
    I2C1_EV_IRQHandler                       0x0800011b   Thumb Code     0  startup_stm32f10x_md.o(.text)
    I2C2_ER_IRQHandler                       0x0800011b   Thumb Code     0  startup_stm32f10x_md.o(.text)
    I2C2_EV_IRQHandler                       0x0800011b   Thumb Code     0  startup_stm32f10x_md.o(.text)
    PVD_IRQHandler                           0x0800011b   Thumb Code     0  startup_stm32f10x_md.o(.text)
    RCC_IRQHandler                           0x0800011b   Thumb Code     0  startup_stm32f10x_md.o(.text)
    RTCAlarm_IRQHandler                      0x0800011b   Thumb Code     0  startup_stm32f10x_md.o(.text)
    RTC_IRQHandler                           0x0800011b   Thumb Code     0  startup_stm32f10x_md.o(.text)
    SPI1_IRQHandler                          0x0800011b   Thumb Code     0  startup_stm32f10x_md.o(.text)
    SPI2_IRQHandler                          0x0800011b   Thumb Code     0  startup_stm32f10x_md.o(.text)
    TAMPER_IRQHandler                        0x0800011b   Thumb Code     0  startup_stm32f10x_md.o(.text)
    TIM1_BRK_IRQHandler                      0x0800011b   Thumb Code     0  startup_stm32f10x_md.o(.text)
    TIM1_CC_IRQHandler                       0x0800011b   Thumb Code     0  startup_stm32f10x_md.o(.text)
    TIM1_TRG_COM_IRQHandler                  0x0800011b   Thumb Code     0  startup_stm32f10x_md.o(.text)
    TIM1_UP_IRQHandler                       0x0800011b   Thumb Code     0  startup_stm32f10x_md.o(.text)
    TIM2_IRQHandler                          0x0800011b   Thumb Code     0  startup_stm32f10x_md.o(.text)
    TIM3_IRQHandler                          0x0800011b   Thumb Code     0  startup_stm32f10x_md.o(.text)
    TIM4_IRQHandler                          0x0800011b   Thumb Code     0  startup_stm32f10x_md.o(.text)
    USART1_IRQHandler                        0x0800011b   Thumb Code     0  startup_stm32f10x_md.o(.text)
    USART2_IRQHandler                        0x0800011b   Thumb Code     0  startup_stm32f10x_md.o(.text)
    USART3_IRQHandler                        0x0800011b   Thumb Code     0  startup_stm32f10x_md.o(.text)
    USBWakeUp_IRQHandler                     0x0800011b   Thumb Code     0  startup_stm32f10x_md.o(.text)
    USB_HP_CAN1_TX_IRQHandler                0x0800011b   Thumb Code     0  startup_stm32f10x_md.o(.text)
    USB_LP_CAN1_RX0_IRQHandler               0x0800011b   Thumb Code     0  startup_stm32f10x_md.o(.text)
    WWDG_IRQHandler                          0x0800011b   Thumb Code     0  startup_stm32f10x_md.o(.text)
    memcmp                                   0x08000125   Thumb Code    26  memcmp.o(.text)
    __aeabi_dadd                             0x0800013f   Thumb Code   322  dadd.o(.text)
    __aeabi_dsub                             0x08000281   Thumb Code     6  dadd.o(.text)
    __aeabi_drsub                            0x08000287   Thumb Code     6  dadd.o(.text)
    __aeabi_dmul                             0x0800028d   Thumb Code   228  dmul.o(.text)
    __aeabi_ddiv                             0x08000371   Thumb Code   222  ddiv.o(.text)
    __aeabi_i2f                              0x0800044f   Thumb Code    18  fflti.o(.text)
    __aeabi_ui2d                             0x08000461   Thumb Code    26  dfltui.o(.text)
    __aeabi_l2d                              0x0800047b   Thumb Code    40  dfltl.o(.text)
    __aeabi_d2iz                             0x080004a3   Thumb Code    62  dfixi.o(.text)
    __aeabi_d2lz                             0x080004e1   Thumb Code    74  dfixl.o(.text)
    __aeabi_f2d                              0x0800052b   Thumb Code    38  f2d.o(.text)
    __aeabi_d2f                              0x08000551   Thumb Code    56  d2f.o(.text)
    __aeabi_uidiv                            0x08000589   Thumb Code     0  uidiv.o(.text)
    __aeabi_uidivmod                         0x08000589   Thumb Code    44  uidiv.o(.text)
    __aeabi_uldivmod                         0x080005b5   Thumb Code    98  uldiv.o(.text)
    __aeabi_llsl                             0x08000617   Thumb Code    30  llshl.o(.text)
    _ll_shift_l                              0x08000617   Thumb Code     0  llshl.o(.text)
    __aeabi_llsr                             0x08000635   Thumb Code    32  llushr.o(.text)
    _ll_ushift_r                             0x08000635   Thumb Code     0  llushr.o(.text)
    __aeabi_lasr                             0x08000655   Thumb Code    36  llsshr.o(.text)
    _ll_sshift_r                             0x08000655   Thumb Code     0  llsshr.o(.text)
    __I$use$fp                               0x08000679   Thumb Code     0  iusefp.o(.text)
    _float_round                             0x08000679   Thumb Code    18  fepilogue.o(.text)
    _float_epilogue                          0x0800068b   Thumb Code    92  fepilogue.o(.text)
    _double_round                            0x080006e7   Thumb Code    30  depilogue.o(.text)
    _double_epilogue                         0x08000705   Thumb Code   156  depilogue.o(.text)
    __aeabi_d2ulz                            0x080007a1   Thumb Code    48  dfixul.o(.text)
    __aeabi_cdrcmple                         0x080007d1   Thumb Code    48  cdrcmple.o(.text)
    __scatterload                            0x08000801   Thumb Code    28  init.o(.text)
    __scatterload_rt2                        0x08000801   Thumb Code     0  init.o(.text)
    EXTI_GetITEnStatus                       0x08000825   Thumb Code    24  port.o(i.EXTI_GetITEnStatus)
    FLASH_PrefetchBufferCmd                  0x08000841   Thumb Code    22  stm32f10x_flash.o(i.FLASH_PrefetchBufferCmd)
    FLASH_SetLatency                         0x0800085d   Thumb Code    18  stm32f10x_flash.o(i.FLASH_SetLatency)
    GPIO_Configuration                       0x08000875   Thumb Code    98  port.o(i.GPIO_Configuration)
    GPIO_Init                                0x080008e9   Thumb Code   278  stm32f10x_gpio.o(i.GPIO_Init)
    GPIO_PinRemapConfig                      0x08000a01   Thumb Code   138  stm32f10x_gpio.o(i.GPIO_PinRemapConfig)
    GPIO_ReadOutputDataBit                   0x08000a91   Thumb Code    18  stm32f10x_gpio.o(i.GPIO_ReadOutputDataBit)
    GPIO_ResetBits                           0x08000aa3   Thumb Code     4  stm32f10x_gpio.o(i.GPIO_ResetBits)
    GPIO_SetBits                             0x08000aa7   Thumb Code     4  stm32f10x_gpio.o(i.GPIO_SetBits)
    GPIO_Toggle                              0x08000aab   Thumb Code    36  main.o(i.GPIO_Toggle)
    GPIO_WriteBit                            0x08000acf   Thumb Code    10  stm32f10x_gpio.o(i.GPIO_WriteBit)
    RCC_ADCCLKConfig                         0x08000b01   Thumb Code    18  stm32f10x_rcc.o(i.RCC_ADCCLKConfig)
    RCC_APB1PeriphClockCmd                   0x08000b19   Thumb Code    26  stm32f10x_rcc.o(i.RCC_APB1PeriphClockCmd)
    RCC_APB1PeriphResetCmd                   0x08000b39   Thumb Code    26  stm32f10x_rcc.o(i.RCC_APB1PeriphResetCmd)
    RCC_APB2PeriphClockCmd                   0x08000b59   Thumb Code    26  stm32f10x_rcc.o(i.RCC_APB2PeriphClockCmd)
    RCC_APB2PeriphResetCmd                   0x08000b79   Thumb Code    26  stm32f10x_rcc.o(i.RCC_APB2PeriphResetCmd)
    RCC_Configuration                        0x08000b99   Thumb Code   104  port.o(i.RCC_Configuration)
    RCC_DeInit                               0x08000c01   Thumb Code    64  stm32f10x_rcc.o(i.RCC_DeInit)
    RCC_GetClocksFreq                        0x08000c4d   Thumb Code   192  stm32f10x_rcc.o(i.RCC_GetClocksFreq)
    RCC_GetFlagStatus                        0x08000d21   Thumb Code    56  stm32f10x_rcc.o(i.RCC_GetFlagStatus)
    RCC_HCLKConfig                           0x08000d5d   Thumb Code    18  stm32f10x_rcc.o(i.RCC_HCLKConfig)
    RCC_HSEConfig                            0x08000d75   Thumb Code    70  stm32f10x_rcc.o(i.RCC_HSEConfig)
    RCC_PCLK1Config                          0x08000dc1   Thumb Code    18  stm32f10x_rcc.o(i.RCC_PCLK1Config)
    RCC_PCLK2Config                          0x08000dd9   Thumb Code    20  stm32f10x_rcc.o(i.RCC_PCLK2Config)
    RCC_WaitForHSEStartUp                    0x08000df1   Thumb Code    56  stm32f10x_rcc.o(i.RCC_WaitForHSEStartUp)
    SPI_ChangeRate                           0x08000e29   Thumb Code    22  port.o(i.SPI_ChangeRate)
    SPI_Cmd                                  0x08000e45   Thumb Code    24  stm32f10x_spi.o(i.SPI_Cmd)
    SPI_Configuration                        0x08000e5d   Thumb Code   172  port.o(i.SPI_Configuration)
    SPI_I2S_DeInit                           0x08000f11   Thumb Code    76  stm32f10x_spi.o(i.SPI_I2S_DeInit)
    SPI_Init                                 0x08000f69   Thumb Code    60  stm32f10x_spi.o(i.SPI_Init)
    SPI_SSOutputCmd                          0x08000fa5   Thumb Code    24  stm32f10x_spi.o(i.SPI_SSOutputCmd)
    SysTick_Configuration                    0x080010a5   Thumb Code    78  port.o(i.SysTick_Configuration)
    SysTick_Handler                          0x080010f9   Thumb Code    26  stm32f10x_it.o(i.SysTick_Handler)
    SystemInit                               0x0800111d   Thumb Code    78  system_stm32f10x.o(i.SystemInit)
    USART_Cmd                                0x0800117d   Thumb Code    24  stm32f10x_usart.o(i.USART_Cmd)
    USART_GetFlagStatus                      0x08001195   Thumb Code    26  stm32f10x_usart.o(i.USART_GetFlagStatus)
    USART_Init                               0x080011b1   Thumb Code   210  stm32f10x_usart.o(i.USART_Init)
    USART_SendData                           0x08001289   Thumb Code     8  stm32f10x_usart.o(i.USART_SendData)
    USART_putc                               0x08001291   Thumb Code    28  main.o(i.USART_putc)
    USART_puts                               0x080012b1   Thumb Code    24  main.o(i.USART_puts)
    __0printf                                0x080012c9   Thumb Code    22  printfa.o(i.__0printf)
    __1printf                                0x080012c9   Thumb Code     0  printfa.o(i.__0printf)
    __2printf                                0x080012c9   Thumb Code     0  printfa.o(i.__0printf)
    __c89printf                              0x080012c9   Thumb Code     0  printfa.o(i.__0printf)
    printf                                   0x080012c9   Thumb Code     0  printfa.o(i.__0printf)
    __scatterload_copy                       0x080012e9   Thumb Code    14  handlers.o(i.__scatterload_copy)
    __scatterload_null                       0x080012f7   Thumb Code     2  handlers.o(i.__scatterload_null)
    __scatterload_zeroinit                   0x080012f9   Thumb Code    14  handlers.o(i.__scatterload_zeroinit)
    _dwt_configlde                           0x08001307   Thumb Code    56  deca_device.o(i._dwt_configlde)
    _dwt_enableclocks                        0x0800133f   Thumb Code   228  deca_device.o(i._dwt_enableclocks)
    _dwt_loaducodefromrom                    0x08001423   Thumb Code    52  deca_device.o(i._dwt_loaducodefromrom)
    _dwt_otpread                             0x08001457   Thumb Code    78  deca_device.o(i._dwt_otpread)
    deca_sleep                               0x08001d57   Thumb Code    24  deca_sleep.o(i.deca_sleep)
    decamutexoff                             0x08001d6f   Thumb Code    28  deca_mutex.o(i.decamutexoff)
    decamutexon                              0x08001d8d   Thumb Code    34  deca_mutex.o(i.decamutexon)
    dwt_configure                            0x08001db5   Thumb Code   540  deca_device.o(i.dwt_configure)
    dwt_entersleepaftertx                    0x08001ffd   Thumb Code    38  deca_device.o(i.dwt_entersleepaftertx)
    dwt_getrangebias                         0x08002025   Thumb Code   254  deca_range_tables.o(i.dwt_getrangebias)
    dwt_initialise                           0x08002149   Thumb Code   272  deca_device.o(i.dwt_initialise)
    dwt_read16bitoffsetreg                   0x08002261   Thumb Code    44  deca_device.o(i.dwt_read16bitoffsetreg)
    dwt_read32bitoffsetreg                   0x0800228d   Thumb Code    56  deca_device.o(i.dwt_read32bitoffsetreg)
    dwt_readdevid                            0x080022c5   Thumb Code    12  deca_device.o(i.dwt_readdevid)
    dwt_readfromdevice                       0x080022d1   Thumb Code   100  deca_device.o(i.dwt_readfromdevice)
    dwt_readrxdata                           0x08002335   Thumb Code    22  deca_device.o(i.dwt_readrxdata)
    dwt_readrxtimestamp                      0x0800234b   Thumb Code    18  deca_device.o(i.dwt_readrxtimestamp)
    dwt_readtxtimestamp                      0x0800235d   Thumb Code    18  deca_device.o(i.dwt_readtxtimestamp)
    dwt_setdelayedtrxtime                    0x0800236f   Thumb Code    16  deca_device.o(i.dwt_setdelayedtrxtime)
    dwt_setrxaftertxdelay                    0x0800237f   Thumb Code    36  deca_device.o(i.dwt_setrxaftertxdelay)
    dwt_setrxantennadelay                    0x080023a3   Thumb Code    18  deca_device.o(i.dwt_setrxantennadelay)
    dwt_setrxtimeout                         0x080023b5   Thumb Code   102  deca_device.o(i.dwt_setrxtimeout)
    dwt_settxantennadelay                    0x08002421   Thumb Code    16  deca_device.o(i.dwt_settxantennadelay)
    dwt_starttx                              0x08002431   Thumb Code   150  deca_device.o(i.dwt_starttx)
    dwt_write16bitoffsetreg                  0x080024cd   Thumb Code    38  deca_device.o(i.dwt_write16bitoffsetreg)
    dwt_write32bitoffsetreg                  0x080024f3   Thumb Code    48  deca_device.o(i.dwt_write32bitoffsetreg)
    dwt_writetodevice                        0x08002523   Thumb Code   104  deca_device.o(i.dwt_writetodevice)
    dwt_writetxdata                          0x0800258b   Thumb Code    38  deca_device.o(i.dwt_writetxdata)
    dwt_writetxfctrl                         0x080025b1   Thumb Code    30  deca_device.o(i.dwt_writetxfctrl)
    dwt_xtaltrim                             0x080025d5   Thumb Code    52  deca_device.o(i.dwt_xtaltrim)
    fputc                                    0x08002629   Thumb Code    32  main.o(i.fputc)
    main                                     0x080026a5   Thumb Code   810  main.o(i.main)
    peripherals_init                         0x08002a69   Thumb Code    24  port.o(i.peripherals_init)
    portGetTickCnt                           0x08002a81   Thumb Code     6  port.o(i.portGetTickCnt)
    readfromspi_serial                       0x08002a8d   Thumb Code   118  deca_spi.o(i.readfromspi_serial)
    reset_DW1000                             0x08002b0d   Thumb Code    76  port.o(i.reset_DW1000)
    spi_set_rate_high                        0x08002b6b   Thumb Code    10  port.o(i.spi_set_rate_high)
    spi_set_rate_low                         0x08002b75   Thumb Code    10  port.o(i.spi_set_rate_low)
    usartinit                                0x08002b81   Thumb Code   118  port.o(i.usartinit)
    writetospi_serial                        0x08002c01   Thumb Code   116  deca_spi.o(i.writetospi_serial)
    chan_idx                                 0x08002c7c   Data           8  deca_params_init.o(.constdata)
    tx_config                                0x08002c84   Data          24  deca_params_init.o(.constdata)
    pll2_config                              0x08002c9c   Data          30  deca_params_init.o(.constdata)
    rx_config                                0x08002cba   Data           2  deca_params_init.o(.constdata)
    agc_config                               0x08002cbc   Data           8  deca_params_init.o(.constdata)
    dwnsSFDlen                               0x08002cc4   Data           3  deca_params_init.o(.constdata)
    sftsh                                    0x08002cc8   Data          12  deca_params_init.o(.constdata)
    dtune1                                   0x08002cd4   Data           4  deca_params_init.o(.constdata)
    digital_bb_config                        0x08002cd8   Data          32  deca_params_init.o(.constdata)
    lde_replicaCoeff                         0x08002cf8   Data          50  deca_params_init.o(.constdata)
    chan_idxnb                               0x08002d2a   Data           8  deca_range_tables.o(.constdata)
    chan_idxwb                               0x08002d32   Data           8  deca_range_tables.o(.constdata)
    range25cm16PRFnb                         0x08002d3a   Data         148  deca_range_tables.o(.constdata)
    range25cm16PRFwb                         0x08002dce   Data         136  deca_range_tables.o(.constdata)
    range25cm64PRFnb                         0x08002e56   Data         104  deca_range_tables.o(.constdata)
    range25cm64PRFwb                         0x08002ebe   Data         118  deca_range_tables.o(.constdata)
    Region$$Table$$Base                      0x08002f34   Number         0  anon$$obj.o(Region$$Table)
    Region$$Table$$Limit                     0x08002f54   Number         0  anon$$obj.o(Region$$Table)
    time32_incr                              0x20000078   Data           4  stm32f10x_it.o(.data)
    time32_reset                             0x2000007c   Data           4  stm32f10x_it.o(.data)
    SystemCoreClock                          0x20000094   Data           4  system_stm32f10x.o(.data)
    AHBPrescTable                            0x20000098   Data          16  system_stm32f10x.o(.data)
    __stdout                                 0x200000a8   Data           4  stdout.o(.data)
    __initial_sp                             0x20000500   Data           0  startup_stm32f10x_md.o(STACK)



==============================================================================

Memory Map of the image

  Image Entry point : 0x080000ed

  Load Region LR_IROM1 (Base: 0x08000000, Size: 0x00003000, Max: 0x00020000, ABSOLUTE)

    Execution Region ER_IROM1 (Base: 0x08000000, Size: 0x00002f54, Max: 0x00020000, ABSOLUTE)

    Base Addr    Size         Type   Attr      Idx    E Section Name        Object

    0x08000000   0x000000ec   Data   RO         3236    RESET               startup_stm32f10x_md.o
    0x080000ec   0x00000000   Code   RO         4062  * .ARM.Collect$$$$00000000  mc_w.l(entry.o)
    0x080000ec   0x00000004   Code   RO         4348    .ARM.Collect$$$$00000001  mc_w.l(entry2.o)
    0x080000f0   0x00000004   Code   RO         4351    .ARM.Collect$$$$00000004  mc_w.l(entry5.o)
    0x080000f4   0x00000000   Code   RO         4353    .ARM.Collect$$$$00000008  mc_w.l(entry7b.o)
    0x080000f4   0x00000000   Code   RO         4355    .ARM.Collect$$$$0000000A  mc_w.l(entry8b.o)
    0x080000f4   0x00000008   Code   RO         4356    .ARM.Collect$$$$0000000B  mc_w.l(entry9a.o)
    0x080000fc   0x00000000   Code   RO         4358    .ARM.Collect$$$$0000000D  mc_w.l(entry10a.o)
    0x080000fc   0x00000000   Code   RO         4360    .ARM.Collect$$$$0000000F  mc_w.l(entry11a.o)
    0x080000fc   0x00000004   Code   RO         4349    .ARM.Collect$$$$00002712  mc_w.l(entry2.o)
    0x08000100   0x00000024   Code   RO         3237    .text               startup_stm32f10x_md.o
    0x08000124   0x0000001a   Code   RO         4065    .text               mc_w.l(memcmp.o)
    0x0800013e   0x0000014e   Code   RO         4328    .text               mf_w.l(dadd.o)
    0x0800028c   0x000000e4   Code   RO         4330    .text               mf_w.l(dmul.o)
    0x08000370   0x000000de   Code   RO         4332    .text               mf_w.l(ddiv.o)
    0x0800044e   0x00000012   Code   RO         4334    .text               mf_w.l(fflti.o)
    0x08000460   0x0000001a   Code   RO         4336    .text               mf_w.l(dfltui.o)
    0x0800047a   0x00000028   Code   RO         4338    .text               mf_w.l(dfltl.o)
    0x080004a2   0x0000003e   Code   RO         4340    .text               mf_w.l(dfixi.o)
    0x080004e0   0x0000004a   Code   RO         4342    .text               mf_w.l(dfixl.o)
    0x0800052a   0x00000026   Code   RO         4344    .text               mf_w.l(f2d.o)
    0x08000550   0x00000038   Code   RO         4346    .text               mf_w.l(d2f.o)
    0x08000588   0x0000002c   Code   RO         4363    .text               mc_w.l(uidiv.o)
    0x080005b4   0x00000062   Code   RO         4365    .text               mc_w.l(uldiv.o)
    0x08000616   0x0000001e   Code   RO         4367    .text               mc_w.l(llshl.o)
    0x08000634   0x00000020   Code   RO         4369    .text               mc_w.l(llushr.o)
    0x08000654   0x00000024   Code   RO         4371    .text               mc_w.l(llsshr.o)
    0x08000678   0x00000000   Code   RO         4373    .text               mc_w.l(iusefp.o)
    0x08000678   0x0000006e   Code   RO         4374    .text               mf_w.l(fepilogue.o)
    0x080006e6   0x000000ba   Code   RO         4376    .text               mf_w.l(depilogue.o)
    0x080007a0   0x00000030   Code   RO         4378    .text               mf_w.l(dfixul.o)
    0x080007d0   0x00000030   Code   RO         4380    .text               mf_w.l(cdrcmple.o)
    0x08000800   0x00000024   Code   RO         4382    .text               mc_w.l(init.o)
    0x08000824   0x0000001c   Code   RO         3333    i.EXTI_GetITEnStatus  port.o
    0x08000840   0x0000001c   Code   RO         1090    i.FLASH_PrefetchBufferCmd  stm32f10x_flash.o
    0x0800085c   0x00000018   Code   RO         1095    i.FLASH_SetLatency  stm32f10x_flash.o
    0x08000874   0x00000074   Code   RO         3334    i.GPIO_Configuration  port.o
    0x080008e8   0x00000116   Code   RO         1373    i.GPIO_Init         stm32f10x_gpio.o
    0x080009fe   0x00000002   PAD
    0x08000a00   0x00000090   Code   RO         1375    i.GPIO_PinRemapConfig  stm32f10x_gpio.o
    0x08000a90   0x00000012   Code   RO         1379    i.GPIO_ReadOutputDataBit  stm32f10x_gpio.o
    0x08000aa2   0x00000004   Code   RO         1380    i.GPIO_ResetBits    stm32f10x_gpio.o
    0x08000aa6   0x00000004   Code   RO         1381    i.GPIO_SetBits      stm32f10x_gpio.o
    0x08000aaa   0x00000024   Code   RO            2    i.GPIO_Toggle       main.o
    0x08000ace   0x0000000a   Code   RO         1384    i.GPIO_WriteBit     stm32f10x_gpio.o
    0x08000ad8   0x00000028   Code   RO         3338    i.NVIC_SetPriority  port.o
    0x08000b00   0x00000018   Code   RO         1787    i.RCC_ADCCLKConfig  stm32f10x_rcc.o
    0x08000b18   0x00000020   Code   RO         1789    i.RCC_APB1PeriphClockCmd  stm32f10x_rcc.o
    0x08000b38   0x00000020   Code   RO         1790    i.RCC_APB1PeriphResetCmd  stm32f10x_rcc.o
    0x08000b58   0x00000020   Code   RO         1791    i.RCC_APB2PeriphClockCmd  stm32f10x_rcc.o
    0x08000b78   0x00000020   Code   RO         1792    i.RCC_APB2PeriphResetCmd  stm32f10x_rcc.o
    0x08000b98   0x00000068   Code   RO         3340    i.RCC_Configuration  port.o
    0x08000c00   0x0000004c   Code   RO         1798    i.RCC_DeInit        stm32f10x_rcc.o
    0x08000c4c   0x000000d4   Code   RO         1799    i.RCC_GetClocksFreq  stm32f10x_rcc.o
    0x08000d20   0x0000003c   Code   RO         1800    i.RCC_GetFlagStatus  stm32f10x_rcc.o
    0x08000d5c   0x00000018   Code   RO         1803    i.RCC_HCLKConfig    stm32f10x_rcc.o
    0x08000d74   0x0000004c   Code   RO         1804    i.RCC_HSEConfig     stm32f10x_rcc.o
    0x08000dc0   0x00000018   Code   RO         1810    i.RCC_PCLK1Config   stm32f10x_rcc.o
    0x08000dd8   0x00000018   Code   RO         1811    i.RCC_PCLK2Config   stm32f10x_rcc.o
    0x08000df0   0x00000038   Code   RO         1818    i.RCC_WaitForHSEStartUp  stm32f10x_rcc.o
    0x08000e28   0x0000001c   Code   RO         3343    i.SPI_ChangeRate    port.o
    0x08000e44   0x00000018   Code   RO         2268    i.SPI_Cmd           stm32f10x_spi.o
    0x08000e5c   0x000000b4   Code   RO         3345    i.SPI_Configuration  port.o
    0x08000f10   0x00000058   Code   RO         2275    i.SPI_I2S_DeInit    stm32f10x_spi.o
    0x08000f68   0x0000003c   Code   RO         2281    i.SPI_Init          stm32f10x_spi.o
    0x08000fa4   0x00000018   Code   RO         2283    i.SPI_SSOutputCmd   stm32f10x_spi.o
    0x08000fbc   0x00000008   Code   RO         3200    i.SetSysClock       system_stm32f10x.o
    0x08000fc4   0x000000e0   Code   RO         3201    i.SetSysClockTo72   system_stm32f10x.o
    0x080010a4   0x00000054   Code   RO         3346    i.SysTick_Configuration  port.o
    0x080010f8   0x00000024   Code   RO          182    i.SysTick_Handler   stm32f10x_it.o
    0x0800111c   0x00000060   Code   RO         3203    i.SystemInit        system_stm32f10x.o
    0x0800117c   0x00000018   Code   RO         2959    i.USART_Cmd         stm32f10x_usart.o
    0x08001194   0x0000001a   Code   RO         2962    i.USART_GetFlagStatus  stm32f10x_usart.o
    0x080011ae   0x00000002   PAD
    0x080011b0   0x000000d8   Code   RO         2966    i.USART_Init        stm32f10x_usart.o
    0x08001288   0x00000008   Code   RO         2976    i.USART_SendData    stm32f10x_usart.o
    0x08001290   0x00000020   Code   RO            3    i.USART_putc        main.o
    0x080012b0   0x00000018   Code   RO            4    i.USART_puts        main.o
    0x080012c8   0x00000020   Code   RO         4300    i.__0printf         mc_w.l(printfa.o)
    0x080012e8   0x0000000e   Code   RO         4386    i.__scatterload_copy  mc_w.l(handlers.o)
    0x080012f6   0x00000002   Code   RO         4387    i.__scatterload_null  mc_w.l(handlers.o)
    0x080012f8   0x0000000e   Code   RO         4388    i.__scatterload_zeroinit  mc_w.l(handlers.o)
    0x08001306   0x00000038   Code   RO         3513    i._dwt_configlde    deca_device.o
    0x0800133e   0x000000e4   Code   RO         3515    i._dwt_enableclocks  deca_device.o
    0x08001422   0x00000034   Code   RO         3516    i._dwt_loaducodefromrom  deca_device.o
    0x08001456   0x0000004e   Code   RO         3518    i._dwt_otpread      deca_device.o
    0x080014a4   0x00000184   Code   RO         4307    i._fp_digits        mc_w.l(printfa.o)
    0x08001628   0x000006dc   Code   RO         4308    i._printf_core      mc_w.l(printfa.o)
    0x08001d04   0x00000024   Code   RO         4309    i._printf_post_padding  mc_w.l(printfa.o)
    0x08001d28   0x0000002e   Code   RO         4310    i._printf_pre_padding  mc_w.l(printfa.o)
    0x08001d56   0x00000018   Code   RO         3263    i.deca_sleep        deca_sleep.o
    0x08001d6e   0x0000001c   Code   RO         3241    i.decamutexoff      deca_mutex.o
    0x08001d8a   0x00000002   PAD
    0x08001d8c   0x00000028   Code   RO         3242    i.decamutexon       deca_mutex.o
    0x08001db4   0x00000248   Code   RO         3526    i.dwt_configure     deca_device.o
    0x08001ffc   0x00000026   Code   RO         3533    i.dwt_entersleepaftertx  deca_device.o
    0x08002022   0x00000002   PAD
    0x08002024   0x00000124   Code   RO         4043    i.dwt_getrangebias  deca_range_tables.o
    0x08002148   0x00000118   Code   RO         3538    i.dwt_initialise    deca_device.o
    0x08002260   0x0000002c   Code   RO         3544    i.dwt_read16bitoffsetreg  deca_device.o
    0x0800228c   0x00000038   Code   RO         3545    i.dwt_read32bitoffsetreg  deca_device.o
    0x080022c4   0x0000000c   Code   RO         3547    i.dwt_readdevid     deca_device.o
    0x080022d0   0x00000064   Code   RO         3550    i.dwt_readfromdevice  deca_device.o
    0x08002334   0x00000016   Code   RO         3551    i.dwt_readrxdata    deca_device.o
    0x0800234a   0x00000012   Code   RO         3552    i.dwt_readrxtimestamp  deca_device.o
    0x0800235c   0x00000012   Code   RO         3558    i.dwt_readtxtimestamp  deca_device.o
    0x0800236e   0x00000010   Code   RO         3572    i.dwt_setdelayedtrxtime  deca_device.o
    0x0800237e   0x00000024   Code   RO         3578    i.dwt_setrxaftertxdelay  deca_device.o
    0x080023a2   0x00000012   Code   RO         3579    i.dwt_setrxantennadelay  deca_device.o
    0x080023b4   0x0000006c   Code   RO         3581    i.dwt_setrxtimeout  deca_device.o
    0x08002420   0x00000010   Code   RO         3583    i.dwt_settxantennadelay  deca_device.o
    0x08002430   0x0000009c   Code   RO         3586    i.dwt_starttx       deca_device.o
    0x080024cc   0x00000026   Code   RO         3588    i.dwt_write16bitoffsetreg  deca_device.o
    0x080024f2   0x00000030   Code   RO         3589    i.dwt_write32bitoffsetreg  deca_device.o
    0x08002522   0x00000068   Code   RO         3590    i.dwt_writetodevice  deca_device.o
    0x0800258a   0x00000026   Code   RO         3591    i.dwt_writetxdata   deca_device.o
    0x080025b0   0x00000024   Code   RO         3592    i.dwt_writetxfctrl  deca_device.o
    0x080025d4   0x00000034   Code   RO         3593    i.dwt_xtaltrim      deca_device.o
    0x08002608   0x00000020   Code   RO            5    i.final_msg_get_ts  main.o
    0x08002628   0x00000024   Code   RO            7    i.fputc             main.o
    0x0800264c   0x0000002c   Code   RO            8    i.get_rx_timestamp_u64  main.o
    0x08002678   0x0000002c   Code   RO            9    i.get_tx_timestamp_u64  main.o
    0x080026a4   0x000003c4   Code   RO           10    i.main              main.o
    0x08002a68   0x00000018   Code   RO         3352    i.peripherals_init  port.o
    0x08002a80   0x0000000c   Code   RO         3353    i.portGetTickCnt    port.o
    0x08002a8c   0x00000080   Code   RO         3277    i.readfromspi_serial  deca_spi.o
    0x08002b0c   0x00000050   Code   RO         3354    i.reset_DW1000      port.o
    0x08002b5c   0x0000000e   Code   RO         3356    i.spi_peripheral_init  port.o
    0x08002b6a   0x0000000a   Code   RO         3357    i.spi_set_rate_high  port.o
    0x08002b74   0x0000000a   Code   RO         3358    i.spi_set_rate_low  port.o
    0x08002b7e   0x00000002   PAD
    0x08002b80   0x00000080   Code   RO         3359    i.usartinit         port.o
    0x08002c00   0x0000007c   Code   RO         3278    i.writetospi_serial  deca_spi.o
    0x08002c7c   0x000000ae   Data   RO         4024    .constdata          deca_params_init.o
    0x08002d2a   0x0000020a   Data   RO         4044    .constdata          deca_range_tables.o
    0x08002f34   0x00000020   Data   RO         4384    Region$$Table       anon$$obj.o


    Execution Region RW_IRAM1 (Base: 0x20000000, Size: 0x00000500, Max: 0x00005000, ABSOLUTE)

    Base Addr    Size         Type   Attr      Idx    E Section Name        Object

    0x20000000   0x00000078   Data   RW           12    .data               main.o
    0x20000078   0x00000008   Data   RW          183    .data               stm32f10x_it.o
    0x20000080   0x00000014   Data   RW         1819    .data               stm32f10x_rcc.o
    0x20000094   0x00000014   Data   RW         3204    .data               system_stm32f10x.o
    0x200000a8   0x00000004   Data   RW         4362    .data               mc_w.l(stdout.o)
    0x200000ac   0x00000018   Zero   RW           11    .bss                main.o
    0x200000c4   0x0000003c   Zero   RW         3594    .bss                deca_device.o
    0x20000100   0x00000400   Zero   RW         3234    STACK               startup_stm32f10x_md.o


==============================================================================

Image component sizes


      Code (inc. data)   RO Data    RW Data    ZI Data      Debug   Object Name

         0          0          0          0          0         32   core_cm3.o
      2252         84          0          0         60      20834   deca_device.o
        68          6          0          0          0      16308   deca_mutex.o
         0          0        174          0          0       1785   deca_params_init.o
       292         38        522          0          0       2219   deca_range_tables.o
        24          0          0          0          0        553   deca_sleep.o
       252         18          0          0          0       5609   deca_spi.o
      1212        162          0        120         24     247423   main.o
       858         70          0          0          0      22960   port.o
        36          8        236          0       1024       1008   startup_stm32f10x_md.o
        52         12          0          0          0       1169   stm32f10x_flash.o
       458          6          0          0          0       5331   stm32f10x_gpio.o
        36         10          0          8          0        697   stm32f10x_it.o
       704         88          0         20          0      10593   stm32f10x_rcc.o
       196         12          0          0          0       3440   stm32f10x_spi.o
       274          6          0          0          0       4212   stm32f10x_usart.o
       328         28          0         20          0       2045   system_stm32f10x.o

    ----------------------------------------------------------------------
      7052        548        964        168       1108     346218   Object Totals
         0          0         32          0          0          0   (incl. Generated)
        10          0          0          0          0          0   (incl. Padding)

    ----------------------------------------------------------------------

      Code (inc. data)   RO Data    RW Data    ZI Data      Debug   Library Member Name

         0          0          0          0          0          0   entry.o
         0          0          0          0          0          0   entry10a.o
         0          0          0          0          0          0   entry11a.o
         8          4          0          0          0          0   entry2.o
         4          0          0          0          0          0   entry5.o
         0          0          0          0          0          0   entry7b.o
         0          0          0          0          0          0   entry8b.o
         8          4          0          0          0          0   entry9a.o
        30          0          0          0          0          0   handlers.o
        36          8          0          0          0         68   init.o
         0          0          0          0          0          0   iusefp.o
        30          0          0          0          0         68   llshl.o
        36          0          0          0          0         68   llsshr.o
        32          0          0          0          0         68   llushr.o
        26          0          0          0          0         80   memcmp.o
      2258         90          0          0          0        452   printfa.o
         0          0          0          4          0          0   stdout.o
        44          0          0          0          0         80   uidiv.o
        98          0          0          0          0         92   uldiv.o
        48          0          0          0          0         68   cdrcmple.o
        56          0          0          0          0         88   d2f.o
       334          0          0          0          0        148   dadd.o
       222          0          0          0          0        100   ddiv.o
       186          0          0          0          0        176   depilogue.o
        62          0          0          0          0         80   dfixi.o
        74          0          0          0          0         80   dfixl.o
        48          0          0          0          0         68   dfixul.o
        40          0          0          0          0         80   dfltl.o
        26          0          0          0          0         76   dfltui.o
       228          0          0          0          0         96   dmul.o
        38          0          0          0          0         68   f2d.o
       110          0          0          0          0        168   fepilogue.o
        18          0          0          0          0         68   fflti.o

    ----------------------------------------------------------------------
      4100        106          0          4          0       2340   Library Totals
         0          0          0          0          0          0   (incl. Padding)

    ----------------------------------------------------------------------

      Code (inc. data)   RO Data    RW Data    ZI Data      Debug   Library Name

      2610        106          0          4          0        976   mc_w.l
      1490          0          0          0          0       1364   mf_w.l

    ----------------------------------------------------------------------
      4100        106          0          4          0       2340   Library Totals

    ----------------------------------------------------------------------

==============================================================================


      Code (inc. data)   RO Data    RW Data    ZI Data      Debug   

     11152        654        964        172       1108     343146   Grand Totals
     11152        654        964        172       1108     343146   ELF Image Totals
     11152        654        964        172          0          0   ROM Totals

==============================================================================

    Total RO  Size (Code + RO Data)                12116 (  11.83kB)
    Total RW  Size (RW Data + ZI Data)              1280 (   1.25kB)
    Total ROM Size (Code + RO Data + RW Data)      12288 (  12.00kB)

==============================================================================

